Archive member included to satisfy reference by file (symbol)

c:/st/stm32cubeide_1.6.1/stm32cubeide/plugins/com.st.stm32cube.ide.mcu.externaltools.gnu-tools-for-stm32.9-2020-q2-update.win32_1.5.0.202011040924/tools/bin/../lib/gcc/arm-none-eabi/9.3.1/../../../../arm-none-eabi/lib/thumb/v7-m/nofp\libc_nano.a(lib_a-errno.o)
                              Core/Src/syscalls.o (__errno)
c:/st/stm32cubeide_1.6.1/stm32cubeide/plugins/com.st.stm32cube.ide.mcu.externaltools.gnu-tools-for-stm32.9-2020-q2-update.win32_1.5.0.202011040924/tools/bin/../lib/gcc/arm-none-eabi/9.3.1/../../../../arm-none-eabi/lib/thumb/v7-m/nofp\libc_nano.a(lib_a-exit.o)
                              c:/st/stm32cubeide_1.6.1/stm32cubeide/plugins/com.st.stm32cube.ide.mcu.externaltools.gnu-tools-for-stm32.9-2020-q2-update.win32_1.5.0.202011040924/tools/bin/../lib/gcc/arm-none-eabi/9.3.1/../../../../arm-none-eabi/lib/thumb/v7-m/nofp/crt0.o (exit)
c:/st/stm32cubeide_1.6.1/stm32cubeide/plugins/com.st.stm32cube.ide.mcu.externaltools.gnu-tools-for-stm32.9-2020-q2-update.win32_1.5.0.202011040924/tools/bin/../lib/gcc/arm-none-eabi/9.3.1/../../../../arm-none-eabi/lib/thumb/v7-m/nofp\libc_nano.a(lib_a-impure.o)
                              c:/st/stm32cubeide_1.6.1/stm32cubeide/plugins/com.st.stm32cube.ide.mcu.externaltools.gnu-tools-for-stm32.9-2020-q2-update.win32_1.5.0.202011040924/tools/bin/../lib/gcc/arm-none-eabi/9.3.1/../../../../arm-none-eabi/lib/thumb/v7-m/nofp\libc_nano.a(lib_a-exit.o) (_global_impure_ptr)
c:/st/stm32cubeide_1.6.1/stm32cubeide/plugins/com.st.stm32cube.ide.mcu.externaltools.gnu-tools-for-stm32.9-2020-q2-update.win32_1.5.0.202011040924/tools/bin/../lib/gcc/arm-none-eabi/9.3.1/../../../../arm-none-eabi/lib/thumb/v7-m/nofp\libc_nano.a(lib_a-init.o)
                              c:/st/stm32cubeide_1.6.1/stm32cubeide/plugins/com.st.stm32cube.ide.mcu.externaltools.gnu-tools-for-stm32.9-2020-q2-update.win32_1.5.0.202011040924/tools/bin/../lib/gcc/arm-none-eabi/9.3.1/../../../../arm-none-eabi/lib/thumb/v7-m/nofp/crt0.o (__libc_init_array)
c:/st/stm32cubeide_1.6.1/stm32cubeide/plugins/com.st.stm32cube.ide.mcu.externaltools.gnu-tools-for-stm32.9-2020-q2-update.win32_1.5.0.202011040924/tools/bin/../lib/gcc/arm-none-eabi/9.3.1/../../../../arm-none-eabi/lib/thumb/v7-m/nofp\libc_nano.a(lib_a-memset.o)
                              c:/st/stm32cubeide_1.6.1/stm32cubeide/plugins/com.st.stm32cube.ide.mcu.externaltools.gnu-tools-for-stm32.9-2020-q2-update.win32_1.5.0.202011040924/tools/bin/../lib/gcc/arm-none-eabi/9.3.1/../../../../arm-none-eabi/lib/thumb/v7-m/nofp/crt0.o (memset)

Allocating common symbols
Common symbol       size              file

hUsbDeviceFS        0x2c4             USB_DEVICE/App/usb_device.o
hdma_tim2_ch1       0x44              Core/Src/main.o
uwTick              0x4               Drivers/STM32F1xx_HAL_Driver/stm32f1xx_hal.o
pFlash              0x20              Drivers/STM32F1xx_HAL_Driver/stm32f1xx_hal_flash.o
htim3               0x48              Core/Src/main.o
htim2               0x48              Core/Src/main.o
hpcd_USB_FS         0x2ec             USB_DEVICE/Target/usbd_conf.o
USBD_StrDesc        0x200             USB_DEVICE/App/usbd_desc.o

Discarded input sections

 .text          0x0000000000000000        0x0 c:/st/stm32cubeide_1.6.1/stm32cubeide/plugins/com.st.stm32cube.ide.mcu.externaltools.gnu-tools-for-stm32.9-2020-q2-update.win32_1.5.0.202011040924/tools/bin/../lib/gcc/arm-none-eabi/9.3.1/thumb/v7-m/nofp/crti.o
 .data          0x0000000000000000        0x0 c:/st/stm32cubeide_1.6.1/stm32cubeide/plugins/com.st.stm32cube.ide.mcu.externaltools.gnu-tools-for-stm32.9-2020-q2-update.win32_1.5.0.202011040924/tools/bin/../lib/gcc/arm-none-eabi/9.3.1/thumb/v7-m/nofp/crti.o
 .bss           0x0000000000000000        0x0 c:/st/stm32cubeide_1.6.1/stm32cubeide/plugins/com.st.stm32cube.ide.mcu.externaltools.gnu-tools-for-stm32.9-2020-q2-update.win32_1.5.0.202011040924/tools/bin/../lib/gcc/arm-none-eabi/9.3.1/thumb/v7-m/nofp/crti.o
 .data          0x0000000000000000        0x4 c:/st/stm32cubeide_1.6.1/stm32cubeide/plugins/com.st.stm32cube.ide.mcu.externaltools.gnu-tools-for-stm32.9-2020-q2-update.win32_1.5.0.202011040924/tools/bin/../lib/gcc/arm-none-eabi/9.3.1/thumb/v7-m/nofp/crtbegin.o
 .text          0x0000000000000000       0x7c c:/st/stm32cubeide_1.6.1/stm32cubeide/plugins/com.st.stm32cube.ide.mcu.externaltools.gnu-tools-for-stm32.9-2020-q2-update.win32_1.5.0.202011040924/tools/bin/../lib/gcc/arm-none-eabi/9.3.1/../../../../arm-none-eabi/lib/thumb/v7-m/nofp/crt0.o
 .data          0x0000000000000000        0x0 c:/st/stm32cubeide_1.6.1/stm32cubeide/plugins/com.st.stm32cube.ide.mcu.externaltools.gnu-tools-for-stm32.9-2020-q2-update.win32_1.5.0.202011040924/tools/bin/../lib/gcc/arm-none-eabi/9.3.1/../../../../arm-none-eabi/lib/thumb/v7-m/nofp/crt0.o
[...]
Memory Configuration

Name             Origin             Length             Attributes
RAM              0x0000000020000000 0x0000000000005000 xrw
FLASH            0x0000000008000000 0x0000000000010000 xr
*default*        0x0000000000000000 0xffffffffffffffff

Linker script and memory map

LOAD c:/st/stm32cubeide_1.6.1/stm32cubeide/plugins/com.st.stm32cube.ide.mcu.externaltools.gnu-tools-for-stm32.9-2020-q2-update.win32_1.5.0.202011040924/tools/bin/../lib/gcc/arm-none-eabi/9.3.1/thumb/v7-m/nofp/crti.o
LOAD c:/st/stm32cubeide_1.6.1/stm32cubeide/plugins/com.st.stm32cube.ide.mcu.externaltools.gnu-tools-for-stm32.9-2020-q2-update.win32_1.5.0.202011040924/tools/bin/../lib/gcc/arm-none-eabi/9.3.1/thumb/v7-m/nofp/crtbegin.o
LOAD c:/st/stm32cubeide_1.6.1/stm32cubeide/plugins/com.st.stm32cube.ide.mcu.externaltools.gnu-tools-for-stm32.9-2020-q2-update.win32_1.5.0.202011040924/tools/bin/../lib/gcc/arm-none-eabi/9.3.1/../../../../arm-none-eabi/lib/thumb/v7-m/nofp/crt0.o
LOAD Core/Src/main.o
LOAD Core/Src/stm32f1xx_hal_msp.o
LOAD Core/Src/stm32f1xx_it.o
LOAD Core/Src/syscalls.o
LOAD Core/Src/sysmem.o
LOAD Core/Src/system_stm32f1xx.o
LOAD Core/Startup/startup_stm32f103c8tx.o
LOAD Drivers/STM32F1xx_HAL_Driver/stm32f1xx_hal.o
LOAD Drivers/STM32F1xx_HAL_Driver/stm32f1xx_hal_cortex.o
LOAD Drivers/STM32F1xx_HAL_Driver/stm32f1xx_hal_dma.o
LOAD Drivers/STM32F1xx_HAL_Driver/stm32f1xx_hal_exti.o
LOAD Drivers/STM32F1xx_HAL_Driver/stm32f1xx_hal_flash.o
LOAD Drivers/STM32F1xx_HAL_Driver/stm32f1xx_hal_flash_ex.o
LOAD Drivers/STM32F1xx_HAL_Driver/stm32f1xx_hal_gpio.o
LOAD Drivers/STM32F1xx_HAL_Driver/stm32f1xx_hal_gpio_ex.o
LOAD Drivers/STM32F1xx_HAL_Driver/stm32f1xx_hal_pcd.o
LOAD Drivers/STM32F1xx_HAL_Driver/stm32f1xx_hal_pcd_ex.o
LOAD Drivers/STM32F1xx_HAL_Driver/stm32f1xx_hal_pwr.o
LOAD Drivers/STM32F1xx_HAL_Driver/stm32f1xx_hal_rcc.o
LOAD Drivers/STM32F1xx_HAL_Driver/stm32f1xx_hal_rcc_ex.o
LOAD Drivers/STM32F1xx_HAL_Driver/stm32f1xx_hal_tim.o
LOAD Drivers/STM32F1xx_HAL_Driver/stm32f1xx_hal_tim_ex.o
LOAD Drivers/STM32F1xx_HAL_Driver/stm32f1xx_ll_usb.o
LOAD Middlewares/USB_Device_Library/usbd_core.o
LOAD Middlewares/USB_Device_Library/usbd_ctlreq.o
LOAD Middlewares/USB_Device_Library/usbd_hid.o
LOAD Middlewares/USB_Device_Library/usbd_ioreq.o
LOAD USB_DEVICE/App/usb_device.o
LOAD USB_DEVICE/App/usbd_desc.o
LOAD USB_DEVICE/Target/usbd_conf.o
START GROUP
LOAD c:/st/stm32cubeide_1.6.1/stm32cubeide/plugins/com.st.stm32cube.ide.mcu.externaltools.gnu-tools-for-stm32.9-2020-q2-update.win32_1.5.0.202011040924/tools/bin/../lib/gcc/arm-none-eabi/9.3.1/../../../../arm-none-eabi/lib/thumb/v7-m/nofp\libc_nano.a
LOAD c:/st/stm32cubeide_1.6.1/stm32cubeide/plugins/com.st.stm32cube.ide.mcu.externaltools.gnu-tools-for-stm32.9-2020-q2-update.win32_1.5.0.202011040924/tools/bin/../lib/gcc/arm-none-eabi/9.3.1/../../../../arm-none-eabi/lib/thumb/v7-m/nofp\libm.a
END GROUP
START GROUP
LOAD c:/st/stm32cubeide_1.6.1/stm32cubeide/plugins/com.st.stm32cube.ide.mcu.externaltools.gnu-tools-for-stm32.9-2020-q2-update.win32_1.5.0.202011040924/tools/bin/../lib/gcc/arm-none-eabi/9.3.1/thumb/v7-m/nofp\libgcc.a
LOAD c:/st/stm32cubeide_1.6.1/stm32cubeide/plugins/com.st.stm32cube.ide.mcu.externaltools.gnu-tools-for-stm32.9-2020-q2-update.win32_1.5.0.202011040924/tools/bin/../lib/gcc/arm-none-eabi/9.3.1/../../../../arm-none-eabi/lib/thumb/v7-m/nofp\libc_nano.a
END GROUP
START GROUP
LOAD c:/st/stm32cubeide_1.6.1/stm32cubeide/plugins/com.st.stm32cube.ide.mcu.externaltools.gnu-tools-for-stm32.9-2020-q2-update.win32_1.5.0.202011040924/tools/bin/../lib/gcc/arm-none-eabi/9.3.1/thumb/v7-m/nofp\libgcc.a
LOAD c:/st/stm32cubeide_1.6.1/stm32cubeide/plugins/com.st.stm32cube.ide.mcu.externaltools.gnu-tools-for-stm32.9-2020-q2-update.win32_1.5.0.202011040924/tools/bin/../lib/gcc/arm-none-eabi/9.3.1/../../../../arm-none-eabi/lib/thumb/v7-m/nofp\libc_nano.a
LOAD c:/st/stm32cubeide_1.6.1/stm32cubeide/plugins/com.st.stm32cube.ide.mcu.externaltools.gnu-tools-for-stm32.9-2020-q2-update.win32_1.5.0.202011040924/tools/bin/../lib/gcc/arm-none-eabi/9.3.1/../../../../arm-none-eabi/lib/thumb/v7-m/nofp\libnosys.a
END GROUP
START GROUP
LOAD c:/st/stm32cubeide_1.6.1/stm32cubeide/plugins/com.st.stm32cube.ide.mcu.externaltools.gnu-tools-for-stm32.9-2020-q2-update.win32_1.5.0.202011040924/tools/bin/../lib/gcc/arm-none-eabi/9.3.1/thumb/v7-m/nofp\libgcc.a
LOAD c:/st/stm32cubeide_1.6.1/stm32cubeide/plugins/com.st.stm32cube.ide.mcu.externaltools.gnu-tools-for-stm32.9-2020-q2-update.win32_1.5.0.202011040924/tools/bin/../lib/gcc/arm-none-eabi/9.3.1/../../../../arm-none-eabi/lib/thumb/v7-m/nofp\libc_nano.a
LOAD c:/st/stm32cubeide_1.6.1/stm32cubeide/plugins/com.st.stm32cube.ide.mcu.externaltools.gnu-tools-for-stm32.9-2020-q2-update.win32_1.5.0.202011040924/tools/bin/../lib/gcc/arm-none-eabi/9.3.1/../../../../arm-none-eabi/lib/thumb/v7-m/nofp\libnosys.a
END GROUP
LOAD c:/st/stm32cubeide_1.6.1/stm32cubeide/plugins/com.st.stm32cube.ide.mcu.externaltools.gnu-tools-for-stm32.9-2020-q2-update.win32_1.5.0.202011040924/tools/bin/../lib/gcc/arm-none-eabi/9.3.1/thumb/v7-m/nofp/crtend.o
LOAD c:/st/stm32cubeide_1.6.1/stm32cubeide/plugins/com.st.stm32cube.ide.mcu.externaltools.gnu-tools-for-stm32.9-2020-q2-update.win32_1.5.0.202011040924/tools/bin/../lib/gcc/arm-none-eabi/9.3.1/thumb/v7-m/nofp/crtn.o
                0x0000000020005000                _estack = (ORIGIN (RAM) + LENGTH (RAM))
                0x0000000000000200                _Min_Heap_Size = 0x200
                0x0000000000000400                _Min_Stack_Size = 0x400

.isr_vector     0x0000000008000000      0x10c
                0x0000000008000000                . = ALIGN (0x4)
 *(.isr_vector)
 .isr_vector    0x0000000008000000      0x10c Core/Startup/startup_stm32f103c8tx.o
                0x0000000008000000                g_pfnVectors
                0x000000000800010c                . = ALIGN (0x4)

.text           0x000000000800010c     0x85b8
                0x000000000800010c                . = ALIGN (0x4)
 *(.text)
 .text          0x000000000800010c       0x40 c:/st/stm32cubeide_1.6.1/stm32cubeide/plugins/com.st.stm32cube.ide.mcu.externaltools.gnu-tools-for-stm32.9-2020-q2-update.win32_1.5.0.202011040924/tools/bin/../lib/gcc/arm-none-eabi/9.3.1/thumb/v7-m/nofp/crtbegin.o
 *(.text*)
 .text.main     0x000000000800014c       0x34 Core/Src/main.o
                0x000000000800014c                main
 .text.SystemClock_Config
                0x0000000008000180       0xb6 Core/Src/main.o
                0x0000000008000180                SystemClock_Config
 *fill*         0x0000000008000236        0x2 
 .text.MX_TIM2_Init
                0x0000000008000238       0xb0 Core/Src/main.o
 .text.MX_TIM3_Init
                0x00000000080002e8       0xb4 Core/Src/main.o
 .text.MX_DMA_Init
                0x000000000800039c       0x3c Core/Src/main.o
 .text.MX_GPIO_Init
                0x00000000080003d8       0xec Core/Src/main.o
 .text.Timer2Reset
                0x00000000080004c4       0x30 Core/Src/main.o
                0x00000000080004c4                Timer2Reset
 .text.Error_Handler
                0x00000000080004f4        0xa Core/Src/main.o
                0x00000000080004f4                Error_Handler
 *fill*         0x00000000080004fe        0x2 
 .text.HAL_MspInit
                0x0000000008000500       0x64 Core/Src/stm32f1xx_hal_msp.o
                0x0000000008000500                HAL_MspInit
 .text.HAL_TIM_PWM_MspInit
                0x0000000008000564       0xc8 Core/Src/stm32f1xx_hal_msp.o
                0x0000000008000564                HAL_TIM_PWM_MspInit
 .text.HAL_TIM_MspPostInit
                0x000000000800062c       0xa0 Core/Src/stm32f1xx_hal_msp.o
                0x000000000800062c                HAL_TIM_MspPostInit
 .text.NMI_Handler
                0x00000000080006cc        0x6 Core/Src/stm32f1xx_it.o
                0x00000000080006cc                NMI_Handler
 .text.HardFault_Handler
                0x00000000080006d2        0x6 Core/Src/stm32f1xx_it.o
                0x00000000080006d2                HardFault_Handler
 .text.MemManage_Handler
                0x00000000080006d8        0x6 Core/Src/stm32f1xx_it.o
                0x00000000080006d8                MemManage_Handler
 .text.BusFault_Handler
                0x00000000080006de        0x6 Core/Src/stm32f1xx_it.o
                0x00000000080006de                BusFault_Handler
 .text.UsageFault_Handler
                0x00000000080006e4        0x6 Core/Src/stm32f1xx_it.o
                0x00000000080006e4                UsageFault_Handler
 .text.SVC_Handler
                0x00000000080006ea        0xc Core/Src/stm32f1xx_it.o
                0x00000000080006ea                SVC_Handler
 .text.DebugMon_Handler
                0x00000000080006f6        0xc Core/Src/stm32f1xx_it.o
                0x00000000080006f6                DebugMon_Handler
 .text.PendSV_Handler
                0x0000000008000702        0xc Core/Src/stm32f1xx_it.o
                0x0000000008000702                PendSV_Handler
 .text.SysTick_Handler
                0x000000000800070e        0xc Core/Src/stm32f1xx_it.o
                0x000000000800070e                SysTick_Handler
 *fill*         0x000000000800071a        0x2 
 .text.DMA1_Channel5_IRQHandler
                0x000000000800071c       0x14 Core/Src/stm32f1xx_it.o
                0x000000000800071c                DMA1_Channel5_IRQHandler
 .text.USB_LP_CAN1_RX0_IRQHandler
                0x0000000008000730       0x14 Core/Src/stm32f1xx_it.o
                0x0000000008000730                USB_LP_CAN1_RX0_IRQHandler
 .text.TIM3_IRQHandler
                0x0000000008000744       0x18 Core/Src/stm32f1xx_it.o
                0x0000000008000744                TIM3_IRQHandler
 .text.SystemInit
                0x000000000800075c        0xc Core/Src/system_stm32f1xx.o
                0x000000000800075c                SystemInit
 .text.Reset_Handler
                0x0000000008000768       0x48 Core/Startup/startup_stm32f103c8tx.o
                0x0000000008000768                Reset_Handler
 .text.Default_Handler
                0x00000000080007b0        0x2 Core/Startup/startup_stm32f103c8tx.o
                0x00000000080007b0                RTC_Alarm_IRQHandler
                0x00000000080007b0                EXTI2_IRQHandler
                0x00000000080007b0                TIM1_CC_IRQHandler
                0x00000000080007b0                PVD_IRQHandler
                0x00000000080007b0                EXTI3_IRQHandler
                0x00000000080007b0                EXTI0_IRQHandler
                0x00000000080007b0                I2C2_EV_IRQHandler
                0x00000000080007b0                ADC1_2_IRQHandler
                0x00000000080007b0                SPI1_IRQHandler
                0x00000000080007b0                TAMPER_IRQHandler
                0x00000000080007b0                DMA1_Channel4_IRQHandler
                0x00000000080007b0                USART3_IRQHandler
                0x00000000080007b0                RTC_IRQHandler
                0x00000000080007b0                DMA1_Channel7_IRQHandler
                0x00000000080007b0                CAN1_RX1_IRQHandler
                0x00000000080007b0                TIM4_IRQHandler
                0x00000000080007b0                I2C1_EV_IRQHandler
                0x00000000080007b0                DMA1_Channel6_IRQHandler
                0x00000000080007b0                RCC_IRQHandler
                0x00000000080007b0                TIM1_TRG_COM_IRQHandler
                0x00000000080007b0                DMA1_Channel1_IRQHandler
                0x00000000080007b0                Default_Handler
                0x00000000080007b0                EXTI15_10_IRQHandler
                0x00000000080007b0                EXTI9_5_IRQHandler
                0x00000000080007b0                SPI2_IRQHandler
                0x00000000080007b0                EXTI4_IRQHandler
                0x00000000080007b0                USB_HP_CAN1_TX_IRQHandler
                0x00000000080007b0                DMA1_Channel3_IRQHandler
                0x00000000080007b0                TIM1_UP_IRQHandler
                0x00000000080007b0                WWDG_IRQHandler
                0x00000000080007b0                TIM2_IRQHandler
                0x00000000080007b0                TIM1_BRK_IRQHandler
                0x00000000080007b0                EXTI1_IRQHandler
                0x00000000080007b0                USART2_IRQHandler
                0x00000000080007b0                I2C2_ER_IRQHandler
                0x00000000080007b0                DMA1_Channel2_IRQHandler
                0x00000000080007b0                CAN1_SCE_IRQHandler
                0x00000000080007b0                FLASH_IRQHandler
                0x00000000080007b0                USART1_IRQHandler
                0x00000000080007b0                I2C1_ER_IRQHandler
                0x00000000080007b0                USBWakeUp_IRQHandler
 *fill*         0x00000000080007b2        0x2 
 .text.HAL_Init
                0x00000000080007b4       0x2c Drivers/STM32F1xx_HAL_Driver/stm32f1xx_hal.o
                0x00000000080007b4                HAL_Init
 .text.HAL_InitTick
                0x00000000080007e0       0x60 Drivers/STM32F1xx_HAL_Driver/stm32f1xx_hal.o
                0x00000000080007e0                HAL_InitTick
 .text.HAL_IncTick
                0x0000000008000840       0x24 Drivers/STM32F1xx_HAL_Driver/stm32f1xx_hal.o
                0x0000000008000840                HAL_IncTick
 .text.HAL_GetTick
                0x0000000008000864       0x14 Drivers/STM32F1xx_HAL_Driver/stm32f1xx_hal.o
                0x0000000008000864                HAL_GetTick
 .text.__NVIC_SetPriorityGrouping
                0x0000000008000878       0x48 Drivers/STM32F1xx_HAL_Driver/stm32f1xx_hal_cortex.o
 .text.__NVIC_GetPriorityGrouping
                0x00000000080008c0       0x1c Drivers/STM32F1xx_HAL_Driver/stm32f1xx_hal_cortex.o
 .text.__NVIC_EnableIRQ
                0x00000000080008dc       0x38 Drivers/STM32F1xx_HAL_Driver/stm32f1xx_hal_cortex.o
 .text.__NVIC_SetPriority
                0x0000000008000914       0x54 Drivers/STM32F1xx_HAL_Driver/stm32f1xx_hal_cortex.o
 .text.NVIC_EncodePriority
                0x0000000008000968       0x64 Drivers/STM32F1xx_HAL_Driver/stm32f1xx_hal_cortex.o
 .text.SysTick_Config
                0x00000000080009cc       0x44 Drivers/STM32F1xx_HAL_Driver/stm32f1xx_hal_cortex.o
 .text.HAL_NVIC_SetPriorityGrouping
                0x0000000008000a10       0x16 Drivers/STM32F1xx_HAL_Driver/stm32f1xx_hal_cortex.o
                0x0000000008000a10                HAL_NVIC_SetPriorityGrouping
 .text.HAL_NVIC_SetPriority
                0x0000000008000a26       0x38 Drivers/STM32F1xx_HAL_Driver/stm32f1xx_hal_cortex.o
                0x0000000008000a26                HAL_NVIC_SetPriority
 .text.HAL_NVIC_EnableIRQ
                0x0000000008000a5e       0x1c Drivers/STM32F1xx_HAL_Driver/stm32f1xx_hal_cortex.o
                0x0000000008000a5e                HAL_NVIC_EnableIRQ
 .text.HAL_SYSTICK_Config
                0x0000000008000a7a       0x18 Drivers/STM32F1xx_HAL_Driver/stm32f1xx_hal_cortex.o
                0x0000000008000a7a                HAL_SYSTICK_Config
 *fill*         0x0000000008000a92        0x2 
 .text.HAL_DMA_Init
                0x0000000008000a94       0xb4 Drivers/STM32F1xx_HAL_Driver/stm32f1xx_hal_dma.o
                0x0000000008000a94                HAL_DMA_Init
 .text.HAL_DMA_Start_IT
                0x0000000008000b48       0xbe Drivers/STM32F1xx_HAL_Driver/stm32f1xx_hal_dma.o
                0x0000000008000b48                HAL_DMA_Start_IT
 *fill*         0x0000000008000c06        0x2 
 .text.HAL_DMA_IRQHandler
                0x0000000008000c08      0x20c Drivers/STM32F1xx_HAL_Driver/stm32f1xx_hal_dma.o
                0x0000000008000c08                HAL_DMA_IRQHandler
 .text.DMA_SetConfig
                0x0000000008000e14       0x5a Drivers/STM32F1xx_HAL_Driver/stm32f1xx_hal_dma.o
 *fill*         0x0000000008000e6e        0x2 
 .text.HAL_GPIO_Init
                0x0000000008000e70      0x308 Drivers/STM32F1xx_HAL_Driver/stm32f1xx_hal_gpio.o
                0x0000000008000e70                HAL_GPIO_Init
 .text.HAL_GPIO_WritePin
                0x0000000008001178       0x30 Drivers/STM32F1xx_HAL_Driver/stm32f1xx_hal_gpio.o
                0x0000000008001178                HAL_GPIO_WritePin
 .text.HAL_GPIO_TogglePin
                0x00000000080011a8       0x32 Drivers/STM32F1xx_HAL_Driver/stm32f1xx_hal_gpio.o
                0x00000000080011a8                HAL_GPIO_TogglePin
 .text.HAL_PCD_Init
                0x00000000080011da      0x216 Drivers/STM32F1xx_HAL_Driver/stm32f1xx_hal_pcd.o
                0x00000000080011da                HAL_PCD_Init
 .text.HAL_PCD_Start
                0x00000000080013f0       0x4c Drivers/STM32F1xx_HAL_Driver/stm32f1xx_hal_pcd.o
                0x00000000080013f0                HAL_PCD_Start
 .text.HAL_PCD_IRQHandler
                0x000000000800143c      0x2aa Drivers/STM32F1xx_HAL_Driver/stm32f1xx_hal_pcd.o
                0x000000000800143c                HAL_PCD_IRQHandler
 .text.HAL_PCD_SetAddress
                0x00000000080016e6       0x4a Drivers/STM32F1xx_HAL_Driver/stm32f1xx_hal_pcd.o
                0x00000000080016e6                HAL_PCD_SetAddress
 .text.HAL_PCD_EP_Open
                0x0000000008001730       0xcc Drivers/STM32F1xx_HAL_Driver/stm32f1xx_hal_pcd.o
                0x0000000008001730                HAL_PCD_EP_Open
 .text.HAL_PCD_EP_Close
                0x00000000080017fc       0x90 Drivers/STM32F1xx_HAL_Driver/stm32f1xx_hal_pcd.o
                0x00000000080017fc                HAL_PCD_EP_Close
 .text.HAL_PCD_EP_Receive
                0x000000000800188c       0x7a Drivers/STM32F1xx_HAL_Driver/stm32f1xx_hal_pcd.o
                0x000000000800188c                HAL_PCD_EP_Receive
 .text.HAL_PCD_EP_Transmit
                0x0000000008001906       0x86 Drivers/STM32F1xx_HAL_Driver/stm32f1xx_hal_pcd.o
                0x0000000008001906                HAL_PCD_EP_Transmit
 .text.HAL_PCD_EP_SetStall
                0x000000000800198c       0xc0 Drivers/STM32F1xx_HAL_Driver/stm32f1xx_hal_pcd.o
                0x000000000800198c                HAL_PCD_EP_SetStall
 .text.HAL_PCD_EP_ClrStall
                0x0000000008001a4c       0xa8 Drivers/STM32F1xx_HAL_Driver/stm32f1xx_hal_pcd.o
                0x0000000008001a4c                HAL_PCD_EP_ClrStall
 .text.PCD_EP_ISR_Handler
                0x0000000008001af4      0x600 Drivers/STM32F1xx_HAL_Driver/stm32f1xx_hal_pcd.o
 .text.HAL_PCD_EP_DB_Receive
                0x00000000080020f4      0x21a Drivers/STM32F1xx_HAL_Driver/stm32f1xx_hal_pcd.o
 .text.HAL_PCD_EP_DB_Transmit
                0x000000000800230e      0x7a4 Drivers/STM32F1xx_HAL_Driver/stm32f1xx_hal_pcd.o
 .text.HAL_PCDEx_PMAConfig
                0x0000000008002ab2       0x84 Drivers/STM32F1xx_HAL_Driver/stm32f1xx_hal_pcd_ex.o
                0x0000000008002ab2                HAL_PCDEx_PMAConfig
 *fill*         0x0000000008002b36        0x2 
 .text.HAL_RCC_OscConfig
                0x0000000008002b38      0x500 Drivers/STM32F1xx_HAL_Driver/stm32f1xx_hal_rcc.o
                0x0000000008002b38                HAL_RCC_OscConfig
 .text.HAL_RCC_ClockConfig
                0x0000000008003038      0x1d4 Drivers/STM32F1xx_HAL_Driver/stm32f1xx_hal_rcc.o
                0x0000000008003038                HAL_RCC_ClockConfig
 .text.HAL_RCC_GetSysClockFreq
                0x000000000800320c       0xc0 Drivers/STM32F1xx_HAL_Driver/stm32f1xx_hal_rcc.o
                0x000000000800320c                HAL_RCC_GetSysClockFreq
 .text.RCC_Delay
                0x00000000080032cc       0x3c Drivers/STM32F1xx_HAL_Driver/stm32f1xx_hal_rcc.o
 .text.HAL_RCCEx_PeriphCLKConfig
                0x0000000008003308      0x16c Drivers/STM32F1xx_HAL_Driver/stm32f1xx_hal_rcc_ex.o
                0x0000000008003308                HAL_RCCEx_PeriphCLKConfig
 .text.HAL_TIM_Base_Start_IT
                0x0000000008003474       0xa4 Drivers/STM32F1xx_HAL_Driver/stm32f1xx_hal_tim.o
                0x0000000008003474                HAL_TIM_Base_Start_IT
 .text.HAL_TIM_PWM_Init
                0x0000000008003518       0x9e Drivers/STM32F1xx_HAL_Driver/stm32f1xx_hal_tim.o
                0x0000000008003518                HAL_TIM_PWM_Init
 *fill*         0x00000000080035b6        0x2 
 .text.HAL_TIM_PWM_Start
                0x00000000080035b8      0x144 Drivers/STM32F1xx_HAL_Driver/stm32f1xx_hal_tim.o
                0x00000000080035b8                HAL_TIM_PWM_Start
 .text.HAL_TIM_PWM_Stop
                0x00000000080036fc       0xc8 Drivers/STM32F1xx_HAL_Driver/stm32f1xx_hal_tim.o
                0x00000000080036fc                HAL_TIM_PWM_Stop
 .text.HAL_TIM_PWM_Start_DMA
                0x00000000080037c4      0x334 Drivers/STM32F1xx_HAL_Driver/stm32f1xx_hal_tim.o
                0x00000000080037c4                HAL_TIM_PWM_Start_DMA
 .text.HAL_TIM_IRQHandler
                0x0000000008003af8      0x210 Drivers/STM32F1xx_HAL_Driver/stm32f1xx_hal_tim.o
                0x0000000008003af8                HAL_TIM_IRQHandler
 .text.HAL_TIM_PWM_ConfigChannel
                0x0000000008003d08      0x17c Drivers/STM32F1xx_HAL_Driver/stm32f1xx_hal_tim.o
                0x0000000008003d08                HAL_TIM_PWM_ConfigChannel
 .text.HAL_TIM_PeriodElapsedCallback
                0x0000000008003e84       0x12 Drivers/STM32F1xx_HAL_Driver/stm32f1xx_hal_tim.o
                0x0000000008003e84                HAL_TIM_PeriodElapsedCallback
 .text.HAL_TIM_OC_DelayElapsedCallback
                0x0000000008003e96       0x12 Drivers/STM32F1xx_HAL_Driver/stm32f1xx_hal_tim.o
                0x0000000008003e96                HAL_TIM_OC_DelayElapsedCallback
 .text.HAL_TIM_IC_CaptureCallback
                0x0000000008003ea8       0x12 Drivers/STM32F1xx_HAL_Driver/stm32f1xx_hal_tim.o
                0x0000000008003ea8                HAL_TIM_IC_CaptureCallback
 .text.HAL_TIM_PWM_PulseFinishedCallback
                0x0000000008003eba       0x12 Drivers/STM32F1xx_HAL_Driver/stm32f1xx_hal_tim.o
                0x0000000008003eba                HAL_TIM_PWM_PulseFinishedCallback
 .text.HAL_TIM_PWM_PulseFinishedHalfCpltCallback
                0x0000000008003ecc       0x12 Drivers/STM32F1xx_HAL_Driver/stm32f1xx_hal_tim.o
                0x0000000008003ecc                HAL_TIM_PWM_PulseFinishedHalfCpltCallback
 .text.HAL_TIM_TriggerCallback
                0x0000000008003ede       0x12 Drivers/STM32F1xx_HAL_Driver/stm32f1xx_hal_tim.o
                0x0000000008003ede                HAL_TIM_TriggerCallback
 .text.HAL_TIM_ErrorCallback
                0x0000000008003ef0       0x12 Drivers/STM32F1xx_HAL_Driver/stm32f1xx_hal_tim.o
                0x0000000008003ef0                HAL_TIM_ErrorCallback
 .text.TIM_DMAError
                0x0000000008003f02       0x92 Drivers/STM32F1xx_HAL_Driver/stm32f1xx_hal_tim.o
                0x0000000008003f02                TIM_DMAError
 .text.TIM_DMADelayPulseCplt
                0x0000000008003f94       0xa8 Drivers/STM32F1xx_HAL_Driver/stm32f1xx_hal_tim.o
 .text.TIM_DMADelayPulseHalfCplt
                0x000000000800403c       0x68 Drivers/STM32F1xx_HAL_Driver/stm32f1xx_hal_tim.o
                0x000000000800403c                TIM_DMADelayPulseHalfCplt
 .text.TIM_Base_SetConfig
                0x00000000080040a4       0xc4 Drivers/STM32F1xx_HAL_Driver/stm32f1xx_hal_tim.o
                0x00000000080040a4                TIM_Base_SetConfig
 .text.TIM_OC1_SetConfig
                0x0000000008004168       0xcc Drivers/STM32F1xx_HAL_Driver/stm32f1xx_hal_tim.o
 .text.TIM_OC2_SetConfig
                0x0000000008004234       0xd4 Drivers/STM32F1xx_HAL_Driver/stm32f1xx_hal_tim.o
                0x0000000008004234                TIM_OC2_SetConfig
 .text.TIM_OC3_SetConfig
                0x0000000008004308       0xd4 Drivers/STM32F1xx_HAL_Driver/stm32f1xx_hal_tim.o
 .text.TIM_OC4_SetConfig
                0x00000000080043dc       0x9c Drivers/STM32F1xx_HAL_Driver/stm32f1xx_hal_tim.o
 .text.TIM_CCxChannelCmd
                0x0000000008004478       0x48 Drivers/STM32F1xx_HAL_Driver/stm32f1xx_hal_tim.o
                0x0000000008004478                TIM_CCxChannelCmd
 .text.HAL_TIMEx_MasterConfigSynchronization
                0x00000000080044c0       0xbc Drivers/STM32F1xx_HAL_Driver/stm32f1xx_hal_tim_ex.o
                0x00000000080044c0                HAL_TIMEx_MasterConfigSynchronization
 .text.HAL_TIMEx_CommutCallback
                0x000000000800457c       0x12 Drivers/STM32F1xx_HAL_Driver/stm32f1xx_hal_tim_ex.o
                0x000000000800457c                HAL_TIMEx_CommutCallback
 .text.HAL_TIMEx_BreakCallback
                0x000000000800458e       0x12 Drivers/STM32F1xx_HAL_Driver/stm32f1xx_hal_tim_ex.o
                0x000000000800458e                HAL_TIMEx_BreakCallback
 .text.USB_CoreInit
                0x00000000080045a0       0x20 Drivers/STM32F1xx_HAL_Driver/stm32f1xx_ll_usb.o
                0x00000000080045a0                USB_CoreInit
 .text.USB_EnableGlobalInt
                0x00000000080045c0       0x2c Drivers/STM32F1xx_HAL_Driver/stm32f1xx_ll_usb.o
                0x00000000080045c0                USB_EnableGlobalInt
 .text.USB_DisableGlobalInt
                0x00000000080045ec       0x34 Drivers/STM32F1xx_HAL_Driver/stm32f1xx_ll_usb.o
                0x00000000080045ec                USB_DisableGlobalInt
 .text.USB_SetCurrentMode
                0x0000000008004620       0x18 Drivers/STM32F1xx_HAL_Driver/stm32f1xx_ll_usb.o
                0x0000000008004620                USB_SetCurrentMode
 .text.USB_DevInit
                0x0000000008004638       0x40 Drivers/STM32F1xx_HAL_Driver/stm32f1xx_ll_usb.o
                0x0000000008004638                USB_DevInit
 .text.USB_ActivateEndpoint
                0x0000000008004678      0x6d4 Drivers/STM32F1xx_HAL_Driver/stm32f1xx_ll_usb.o
                0x0000000008004678                USB_ActivateEndpoint
 .text.USB_DeactivateEndpoint
                0x0000000008004d4c      0x3d8 Drivers/STM32F1xx_HAL_Driver/stm32f1xx_ll_usb.o
                0x0000000008004d4c                USB_DeactivateEndpoint
 .text.USB_EPStartXfer
                0x0000000008005124     0x15ee Drivers/STM32F1xx_HAL_Driver/stm32f1xx_ll_usb.o
                0x0000000008005124                USB_EPStartXfer
 .text.USB_EPSetStall
                0x0000000008006712       0xa0 Drivers/STM32F1xx_HAL_Driver/stm32f1xx_ll_usb.o
                0x0000000008006712                USB_EPSetStall
 .text.USB_EPClearStall
                0x00000000080067b2      0x15a Drivers/STM32F1xx_HAL_Driver/stm32f1xx_ll_usb.o
                0x00000000080067b2                USB_EPClearStall
 .text.USB_SetDevAddress
                0x000000000800690c       0x26 Drivers/STM32F1xx_HAL_Driver/stm32f1xx_ll_usb.o
                0x000000000800690c                USB_SetDevAddress
 .text.USB_DevConnect
                0x0000000008006932       0x14 Drivers/STM32F1xx_HAL_Driver/stm32f1xx_ll_usb.o
                0x0000000008006932                USB_DevConnect
 .text.USB_DevDisconnect
                0x0000000008006946       0x14 Drivers/STM32F1xx_HAL_Driver/stm32f1xx_ll_usb.o
                0x0000000008006946                USB_DevDisconnect
 .text.USB_ReadInterrupts
                0x000000000800695a       0x1e Drivers/STM32F1xx_HAL_Driver/stm32f1xx_ll_usb.o
                0x000000000800695a                USB_ReadInterrupts
 .text.USB_EP0_OutStart
                0x0000000008006978       0x16 Drivers/STM32F1xx_HAL_Driver/stm32f1xx_ll_usb.o
                0x0000000008006978                USB_EP0_OutStart
 .text.USB_WritePMA
                0x000000000800698e       0x8a Drivers/STM32F1xx_HAL_Driver/stm32f1xx_ll_usb.o
                0x000000000800698e                USB_WritePMA
 .text.USB_ReadPMA
                0x0000000008006a18       0x9e Drivers/STM32F1xx_HAL_Driver/stm32f1xx_ll_usb.o
                0x0000000008006a18                USB_ReadPMA
 .text.USBD_Init
                0x0000000008006ab6       0x56 Middlewares/USB_Device_Library/usbd_core.o
                0x0000000008006ab6                USBD_Init
 .text.USBD_RegisterClass
                0x0000000008006b0c       0x32 Middlewares/USB_Device_Library/usbd_core.o
                0x0000000008006b0c                USBD_RegisterClass
 .text.USBD_Start
                0x0000000008006b3e       0x18 Middlewares/USB_Device_Library/usbd_core.o
                0x0000000008006b3e                USBD_Start
 .text.USBD_RunTestMode
                0x0000000008006b56       0x14 Middlewares/USB_Device_Library/usbd_core.o
                0x0000000008006b56                USBD_RunTestMode
 .text.USBD_SetClassConfig
                0x0000000008006b6a       0x3e Middlewares/USB_Device_Library/usbd_core.o
                0x0000000008006b6a                USBD_SetClassConfig
 .text.USBD_ClrClassConfig
                0x0000000008006ba8       0x26 Middlewares/USB_Device_Library/usbd_core.o
                0x0000000008006ba8                USBD_ClrClassConfig
 .text.USBD_LL_SetupStage
                0x0000000008006bce       0x9a Middlewares/USB_Device_Library/usbd_core.o
                0x0000000008006bce                USBD_LL_SetupStage
 .text.USBD_LL_DataOutStage
                0x0000000008006c68       0xe2 Middlewares/USB_Device_Library/usbd_core.o
                0x0000000008006c68                USBD_LL_DataOutStage
 .text.USBD_LL_DataInStage
                0x0000000008006d4a      0x14a Middlewares/USB_Device_Library/usbd_core.o
                0x0000000008006d4a                USBD_LL_DataInStage
 .text.USBD_LL_Reset
                0x0000000008006e94       0x82 Middlewares/USB_Device_Library/usbd_core.o
                0x0000000008006e94                USBD_LL_Reset
 .text.USBD_LL_SetSpeed
                0x0000000008006f16       0x1e Middlewares/USB_Device_Library/usbd_core.o
                0x0000000008006f16                USBD_LL_SetSpeed
 .text.USBD_LL_Suspend
                0x0000000008006f34       0x28 Middlewares/USB_Device_Library/usbd_core.o
                0x0000000008006f34                USBD_LL_Suspend
 .text.USBD_LL_Resume
                0x0000000008006f5c       0x2a Middlewares/USB_Device_Library/usbd_core.o
                0x0000000008006f5c                USBD_LL_Resume
 .text.USBD_LL_SOF
                0x0000000008006f86       0x34 Middlewares/USB_Device_Library/usbd_core.o
                0x0000000008006f86                USBD_LL_SOF
 *fill*         0x0000000008006fba        0x2 
 .text.USBD_StdDevReq
                0x0000000008006fbc       0xd4 Middlewares/USB_Device_Library/usbd_ctlreq.o
                0x0000000008006fbc                USBD_StdDevReq
 .text.USBD_StdItfReq
                0x0000000008007090       0x90 Middlewares/USB_Device_Library/usbd_ctlreq.o
                0x0000000008007090                USBD_StdItfReq
 .text.USBD_StdEPReq
                0x0000000008007120      0x2c6 Middlewares/USB_Device_Library/usbd_ctlreq.o
                0x0000000008007120                USBD_StdEPReq
 *fill*         0x00000000080073e6        0x2 
 .text.USBD_GetDescriptor
                0x00000000080073e8      0x2d0 Middlewares/USB_Device_Library/usbd_ctlreq.o
 .text.USBD_SetAddress
                0x00000000080076b8       0x86 Middlewares/USB_Device_Library/usbd_ctlreq.o
 *fill*         0x000000000800773e        0x2 
 .text.USBD_SetConfig
                0x0000000008007740      0x11c Middlewares/USB_Device_Library/usbd_ctlreq.o
 .text.USBD_GetConfig
                0x000000000800785c       0x6a Middlewares/USB_Device_Library/usbd_ctlreq.o
 .text.USBD_GetStatus
                0x00000000080078c6       0x66 Middlewares/USB_Device_Library/usbd_ctlreq.o
 .text.USBD_SetFeature
                0x000000000800792c       0x28 Middlewares/USB_Device_Library/usbd_ctlreq.o
 .text.USBD_ClrFeature
                0x0000000008007954       0x42 Middlewares/USB_Device_Library/usbd_ctlreq.o
 .text.USBD_ParseSetupRequest
                0x0000000008007996       0x78 Middlewares/USB_Device_Library/usbd_ctlreq.o
                0x0000000008007996                USBD_ParseSetupRequest
 .text.USBD_CtlError
                0x0000000008007a0e       0x22 Middlewares/USB_Device_Library/usbd_ctlreq.o
                0x0000000008007a0e                USBD_CtlError
 .text.USBD_GetString
                0x0000000008007a30       0x84 Middlewares/USB_Device_Library/usbd_ctlreq.o
                0x0000000008007a30                USBD_GetString
 .text.USBD_GetLen
                0x0000000008007ab4       0x2e Middlewares/USB_Device_Library/usbd_ctlreq.o
 .text.USBD_HID_Init
                0x0000000008007ae2       0x4e Middlewares/USB_Device_Library/usbd_hid.o
 .text.USBD_HID_DeInit
                0x0000000008007b30       0x42 Middlewares/USB_Device_Library/usbd_hid.o
 *fill*         0x0000000008007b72        0x2 
 .text.USBD_HID_Setup
                0x0000000008007b74      0x1fc Middlewares/USB_Device_Library/usbd_hid.o
 .text.USBD_HID_GetFSCfgDesc
                0x0000000008007d70       0x20 Middlewares/USB_Device_Library/usbd_hid.o
 .text.USBD_HID_GetHSCfgDesc
                0x0000000008007d90       0x20 Middlewares/USB_Device_Library/usbd_hid.o
 .text.USBD_HID_GetOtherSpeedCfgDesc
                0x0000000008007db0       0x20 Middlewares/USB_Device_Library/usbd_hid.o
 .text.USBD_HID_DataIn
                0x0000000008007dd0       0x22 Middlewares/USB_Device_Library/usbd_hid.o
 *fill*         0x0000000008007df2        0x2 
 .text.USBD_HID_GetDeviceQualifierDesc
                0x0000000008007df4       0x20 Middlewares/USB_Device_Library/usbd_hid.o
 .text.USBD_CtlSendData
                0x0000000008007e14       0x38 Middlewares/USB_Device_Library/usbd_ioreq.o
                0x0000000008007e14                USBD_CtlSendData
 .text.USBD_CtlContinueSendData
                0x0000000008007e4c       0x24 Middlewares/USB_Device_Library/usbd_ioreq.o
                0x0000000008007e4c                USBD_CtlContinueSendData
 .text.USBD_CtlContinueRx
                0x0000000008007e70       0x24 Middlewares/USB_Device_Library/usbd_ioreq.o
                0x0000000008007e70                USBD_CtlContinueRx
 .text.USBD_CtlSendStatus
                0x0000000008007e94       0x26 Middlewares/USB_Device_Library/usbd_ioreq.o
                0x0000000008007e94                USBD_CtlSendStatus
 .text.USBD_CtlReceiveStatus
                0x0000000008007eba       0x26 Middlewares/USB_Device_Library/usbd_ioreq.o
                0x0000000008007eba                USBD_CtlReceiveStatus
 .text.MX_USB_DEVICE_Init
                0x0000000008007ee0       0x4c USB_DEVICE/App/usb_device.o
                0x0000000008007ee0                MX_USB_DEVICE_Init
 .text.USBD_FS_DeviceDescriptor
                0x0000000008007f2c       0x24 USB_DEVICE/App/usbd_desc.o
                0x0000000008007f2c                USBD_FS_DeviceDescriptor
 .text.USBD_FS_LangIDStrDescriptor
                0x0000000008007f50       0x24 USB_DEVICE/App/usbd_desc.o
                0x0000000008007f50                USBD_FS_LangIDStrDescriptor
 .text.USBD_FS_ProductStrDescriptor
                0x0000000008007f74       0x3c USB_DEVICE/App/usbd_desc.o
                0x0000000008007f74                USBD_FS_ProductStrDescriptor
 .text.USBD_FS_ManufacturerStrDescriptor
                0x0000000008007fb0       0x28 USB_DEVICE/App/usbd_desc.o
                0x0000000008007fb0                USBD_FS_ManufacturerStrDescriptor
 .text.USBD_FS_SerialStrDescriptor
                0x0000000008007fd8       0x24 USB_DEVICE/App/usbd_desc.o
                0x0000000008007fd8                USBD_FS_SerialStrDescriptor
 .text.USBD_FS_ConfigStrDescriptor
                0x0000000008007ffc       0x3c USB_DEVICE/App/usbd_desc.o
                0x0000000008007ffc                USBD_FS_ConfigStrDescriptor
 .text.USBD_FS_InterfaceStrDescriptor
                0x0000000008008038       0x3c USB_DEVICE/App/usbd_desc.o
                0x0000000008008038                USBD_FS_InterfaceStrDescriptor
 .text.Get_SerialNum
                0x0000000008008074       0x58 USB_DEVICE/App/usbd_desc.o
 .text.IntToUnicode
                0x00000000080080cc       0x7c USB_DEVICE/App/usbd_desc.o
 .text.HAL_PCD_MspInit
                0x0000000008008148       0x4c USB_DEVICE/Target/usbd_conf.o
                0x0000000008008148                HAL_PCD_MspInit
 .text.HAL_PCD_SetupStageCallback
                0x0000000008008194       0x24 USB_DEVICE/Target/usbd_conf.o
                0x0000000008008194                HAL_PCD_SetupStageCallback
 .text.HAL_PCD_DataOutStageCallback
                0x00000000080081b8       0x36 USB_DEVICE/Target/usbd_conf.o
                0x00000000080081b8                HAL_PCD_DataOutStageCallback
 .text.HAL_PCD_DataInStageCallback
                0x00000000080081ee       0x34 USB_DEVICE/Target/usbd_conf.o
                0x00000000080081ee                HAL_PCD_DataInStageCallback
 .text.HAL_PCD_SOFCallback
                0x0000000008008222       0x1c USB_DEVICE/Target/usbd_conf.o
                0x0000000008008222                HAL_PCD_SOFCallback
 .text.HAL_PCD_ResetCallback
                0x000000000800823e       0x3c USB_DEVICE/Target/usbd_conf.o
                0x000000000800823e                HAL_PCD_ResetCallback
 *fill*         0x000000000800827a        0x2 
 .text.HAL_PCD_SuspendCallback
                0x000000000800827c       0x34 USB_DEVICE/Target/usbd_conf.o
                0x000000000800827c                HAL_PCD_SuspendCallback
 .text.HAL_PCD_ResumeCallback
                0x00000000080082b0       0x1c USB_DEVICE/Target/usbd_conf.o
                0x00000000080082b0                HAL_PCD_ResumeCallback
 .text.USBD_LL_Init
                0x00000000080082cc       0x90 USB_DEVICE/Target/usbd_conf.o
                0x00000000080082cc                USBD_LL_Init
 .text.USBD_LL_Start
                0x000000000800835c       0x36 USB_DEVICE/Target/usbd_conf.o
                0x000000000800835c                USBD_LL_Start
 .text.USBD_LL_OpenEP
                0x0000000008008392       0x4c USB_DEVICE/Target/usbd_conf.o
                0x0000000008008392                USBD_LL_OpenEP
 .text.USBD_LL_CloseEP
                0x00000000080083de       0x3e USB_DEVICE/Target/usbd_conf.o
                0x00000000080083de                USBD_LL_CloseEP
 .text.USBD_LL_StallEP
                0x000000000800841c       0x3e USB_DEVICE/Target/usbd_conf.o
                0x000000000800841c                USBD_LL_StallEP
 .text.USBD_LL_ClearStallEP
                0x000000000800845a       0x3e USB_DEVICE/Target/usbd_conf.o
                0x000000000800845a                USBD_LL_ClearStallEP
 .text.USBD_LL_IsStallEP
                0x0000000008008498       0x58 USB_DEVICE/Target/usbd_conf.o
                0x0000000008008498                USBD_LL_IsStallEP
 .text.USBD_LL_SetUSBAddress
                0x00000000080084f0       0x3e USB_DEVICE/Target/usbd_conf.o
                0x00000000080084f0                USBD_LL_SetUSBAddress
 .text.USBD_LL_Transmit
                0x000000000800852e       0x46 USB_DEVICE/Target/usbd_conf.o
                0x000000000800852e                USBD_LL_Transmit
 .text.USBD_LL_PrepareReceive
                0x0000000008008574       0x46 USB_DEVICE/Target/usbd_conf.o
                0x0000000008008574                USBD_LL_PrepareReceive
 *fill*         0x00000000080085ba        0x2 
 .text.USBD_static_malloc
                0x00000000080085bc       0x18 USB_DEVICE/Target/usbd_conf.o
                0x00000000080085bc                USBD_static_malloc
 .text.USBD_static_free
                0x00000000080085d4       0x12 USB_DEVICE/Target/usbd_conf.o
                0x00000000080085d4                USBD_static_free
 .text.HAL_PCDEx_SetConnectionState
                0x00000000080085e6       0x16 USB_DEVICE/Target/usbd_conf.o
                0x00000000080085e6                HAL_PCDEx_SetConnectionState
 .text.USBD_Get_USB_Status
                0x00000000080085fc       0x58 USB_DEVICE/Target/usbd_conf.o
 .text.__libc_init_array
                0x0000000008008654       0x48 c:/st/stm32cubeide_1.6.1/stm32cubeide/plugins/com.st.stm32cube.ide.mcu.externaltools.gnu-tools-for-stm32.9-2020-q2-update.win32_1.5.0.202011040924/tools/bin/../lib/gcc/arm-none-eabi/9.3.1/../../../../arm-none-eabi/lib/thumb/v7-m/nofp\libc_nano.a(lib_a-init.o)
                0x0000000008008654                __libc_init_array
 .text.memset   0x000000000800869c       0x10 c:/st/stm32cubeide_1.6.1/stm32cubeide/plugins/com.st.stm32cube.ide.mcu.externaltools.gnu-tools-for-stm32.9-2020-q2-update.win32_1.5.0.202011040924/tools/bin/../lib/gcc/arm-none-eabi/9.3.1/../../../../arm-none-eabi/lib/thumb/v7-m/nofp\libc_nano.a(lib_a-memset.o)
                0x000000000800869c                memset
 *(.glue_7)
 .glue_7        0x00000000080086ac        0x0 linker stubs
 *(.glue_7t)
 .glue_7t       0x00000000080086ac        0x0 linker stubs
 *(.eh_frame)
 .eh_frame      0x00000000080086ac        0x0 c:/st/stm32cubeide_1.6.1/stm32cubeide/plugins/com.st.stm32cube.ide.mcu.externaltools.gnu-tools-for-stm32.9-2020-q2-update.win32_1.5.0.202011040924/tools/bin/../lib/gcc/arm-none-eabi/9.3.1/thumb/v7-m/nofp/crtbegin.o
 *(.init)
 .init          0x00000000080086ac        0x4 c:/st/stm32cubeide_1.6.1/stm32cubeide/plugins/com.st.stm32cube.ide.mcu.externaltools.gnu-tools-for-stm32.9-2020-q2-update.win32_1.5.0.202011040924/tools/bin/../lib/gcc/arm-none-eabi/9.3.1/thumb/v7-m/nofp/crti.o
                0x00000000080086ac                _init
 .init          0x00000000080086b0        0x8 c:/st/stm32cubeide_1.6.1/stm32cubeide/plugins/com.st.stm32cube.ide.mcu.externaltools.gnu-tools-for-stm32.9-2020-q2-update.win32_1.5.0.202011040924/tools/bin/../lib/gcc/arm-none-eabi/9.3.1/thumb/v7-m/nofp/crtn.o
 *(.fini)
 .fini          0x00000000080086b8        0x4 c:/st/stm32cubeide_1.6.1/stm32cubeide/plugins/com.st.stm32cube.ide.mcu.externaltools.gnu-tools-for-stm32.9-2020-q2-update.win32_1.5.0.202011040924/tools/bin/../lib/gcc/arm-none-eabi/9.3.1/thumb/v7-m/nofp/crti.o
                0x00000000080086b8                _fini
 .fini          0x00000000080086bc        0x8 c:/st/stm32cubeide_1.6.1/stm32cubeide/plugins/com.st.stm32cube.ide.mcu.externaltools.gnu-tools-for-stm32.9-2020-q2-update.win32_1.5.0.202011040924/tools/bin/../lib/gcc/arm-none-eabi/9.3.1/thumb/v7-m/nofp/crtn.o
                0x00000000080086c4                . = ALIGN (0x4)
                0x00000000080086c4                _etext = .

.vfp11_veneer   0x00000000080086c4        0x0
 .vfp11_veneer  0x00000000080086c4        0x0 linker stubs

.v4_bx          0x00000000080086c4        0x0
 .v4_bx         0x00000000080086c4        0x0 linker stubs

.iplt           0x00000000080086c4        0x0
 .iplt          0x00000000080086c4        0x0 c:/st/stm32cubeide_1.6.1/stm32cubeide/plugins/com.st.stm32cube.ide.mcu.externaltools.gnu-tools-for-stm32.9-2020-q2-update.win32_1.5.0.202011040924/tools/bin/../lib/gcc/arm-none-eabi/9.3.1/thumb/v7-m/nofp/crtbegin.o

.rodata         0x00000000080086c4       0x68
                0x00000000080086c4                . = ALIGN (0x4)
 *(.rodata)
 .rodata        0x00000000080086c4       0x10 Drivers/STM32F1xx_HAL_Driver/stm32f1xx_hal_rcc.o
 .rodata        0x00000000080086d4       0x46 USB_DEVICE/App/usbd_desc.o
 *(.rodata*)
 *fill*         0x000000000800871a        0x2 
 .rodata.AHBPrescTable
                0x000000000800871c       0x10 Core/Src/system_stm32f1xx.o
                0x000000000800871c                AHBPrescTable
                0x000000000800872c                . = ALIGN (0x4)

.rel.dyn        0x000000000800872c        0x0
 .rel.iplt      0x000000000800872c        0x0 c:/st/stm32cubeide_1.6.1/stm32cubeide/plugins/com.st.stm32cube.ide.mcu.externaltools.gnu-tools-for-stm32.9-2020-q2-update.win32_1.5.0.202011040924/tools/bin/../lib/gcc/arm-none-eabi/9.3.1/thumb/v7-m/nofp/crtbegin.o

.ARM.extab      0x000000000800872c        0x0
                0x000000000800872c                . = ALIGN (0x4)
 *(.ARM.extab* .gnu.linkonce.armextab.*)
                0x000000000800872c                . = ALIGN (0x4)

.ARM            0x000000000800872c        0x0
                0x000000000800872c                . = ALIGN (0x4)
                0x000000000800872c                __exidx_start = .
 *(.ARM.exidx*)
                0x000000000800872c                __exidx_end = .
                0x000000000800872c                . = ALIGN (0x4)

.preinit_array  0x000000000800872c        0x0
                0x000000000800872c                . = ALIGN (0x4)
                0x000000000800872c                PROVIDE (__preinit_array_start = .)
 *(.preinit_array*)
                0x000000000800872c                PROVIDE (__preinit_array_end = .)
                0x000000000800872c                . = ALIGN (0x4)

.init_array     0x000000000800872c        0x4
                0x000000000800872c                . = ALIGN (0x4)
                0x000000000800872c                PROVIDE (__init_array_start = .)
 *(SORT_BY_NAME(.init_array.*))
 *(.init_array*)
 .init_array    0x000000000800872c        0x4 c:/st/stm32cubeide_1.6.1/stm32cubeide/plugins/com.st.stm32cube.ide.mcu.externaltools.gnu-tools-for-stm32.9-2020-q2-update.win32_1.5.0.202011040924/tools/bin/../lib/gcc/arm-none-eabi/9.3.1/thumb/v7-m/nofp/crtbegin.o
                0x0000000008008730                PROVIDE (__init_array_end = .)
                0x0000000008008730                . = ALIGN (0x4)

.fini_array     0x0000000008008730        0x4
                0x0000000008008730                . = ALIGN (0x4)
                [!provide]                        PROVIDE (__fini_array_start = .)
 *(SORT_BY_NAME(.fini_array.*))
 *(.fini_array*)
 .fini_array    0x0000000008008730        0x4 c:/st/stm32cubeide_1.6.1/stm32cubeide/plugins/com.st.stm32cube.ide.mcu.externaltools.gnu-tools-for-stm32.9-2020-q2-update.win32_1.5.0.202011040924/tools/bin/../lib/gcc/arm-none-eabi/9.3.1/thumb/v7-m/nofp/crtbegin.o
                [!provide]                        PROVIDE (__fini_array_end = .)
                0x0000000008008734                . = ALIGN (0x4)
                0x0000000008008734                _sidata = LOADADDR (.data)

.data           0x0000000020000000      0x2cc load address 0x0000000008008734
                0x0000000020000000                . = ALIGN (0x4)
                0x0000000020000000                _sdata = .
 *(.data)
 *(.data*)
 .data.Sin_Table
                0x0000000020000000      0x168 Core/Src/main.o
                0x0000000020000000                Sin_Table
 .data.SystemCoreClock
                0x0000000020000168        0x4 Core/Src/system_stm32f1xx.o
                0x0000000020000168                SystemCoreClock
 .data.uwTickPrio
                0x000000002000016c        0x4 Drivers/STM32F1xx_HAL_Driver/stm32f1xx_hal.o
                0x000000002000016c                uwTickPrio
 .data.uwTickFreq
                0x0000000020000170        0x1 Drivers/STM32F1xx_HAL_Driver/stm32f1xx_hal.o
                0x0000000020000170                uwTickFreq
 *fill*         0x0000000020000171        0x3 
 .data.USBD_HID
                0x0000000020000174       0x38 Middlewares/USB_Device_Library/usbd_hid.o
                0x0000000020000174                USBD_HID
 .data.USBD_HID_CfgFSDesc
                0x00000000200001ac       0x22 Middlewares/USB_Device_Library/usbd_hid.o
 *fill*         0x00000000200001ce        0x2 
 .data.USBD_HID_CfgHSDesc
                0x00000000200001d0       0x22 Middlewares/USB_Device_Library/usbd_hid.o
 *fill*         0x00000000200001f2        0x2 
 .data.USBD_HID_OtherSpeedCfgDesc
                0x00000000200001f4       0x22 Middlewares/USB_Device_Library/usbd_hid.o
 *fill*         0x0000000020000216        0x2 
 .data.USBD_HID_Desc
                0x0000000020000218        0x9 Middlewares/USB_Device_Library/usbd_hid.o
 *fill*         0x0000000020000221        0x3 
 .data.USBD_HID_DeviceQualifierDesc
                0x0000000020000224        0xa Middlewares/USB_Device_Library/usbd_hid.o
 *fill*         0x000000002000022e        0x2 
 .data.HID_MOUSE_ReportDesc
                0x0000000020000230       0x4a Middlewares/USB_Device_Library/usbd_hid.o
 *fill*         0x000000002000027a        0x2 
 .data.FS_Desc  0x000000002000027c       0x1c USB_DEVICE/App/usbd_desc.o
                0x000000002000027c                FS_Desc
 .data.USBD_FS_DeviceDesc
                0x0000000020000298       0x12 USB_DEVICE/App/usbd_desc.o
                0x0000000020000298                USBD_FS_DeviceDesc
 *fill*         0x00000000200002aa        0x2 
 .data.USBD_LangIDDesc
                0x00000000200002ac        0x4 USB_DEVICE/App/usbd_desc.o
                0x00000000200002ac                USBD_LangIDDesc
 .data.USBD_StringSerial
                0x00000000200002b0       0x1a USB_DEVICE/App/usbd_desc.o
                0x00000000200002b0                USBD_StringSerial
 *(.RamFunc)
 *(.RamFunc*)
                0x00000000200002cc                . = ALIGN (0x4)
 *fill*         0x00000000200002ca        0x2 
                0x00000000200002cc                _edata = .

.igot.plt       0x00000000200002cc        0x0 load address 0x0000000008008a00
 .igot.plt      0x00000000200002cc        0x0 c:/st/stm32cubeide_1.6.1/stm32cubeide/plugins/com.st.stm32cube.ide.mcu.externaltools.gnu-tools-for-stm32.9-2020-q2-update.win32_1.5.0.202011040924/tools/bin/../lib/gcc/arm-none-eabi/9.3.1/thumb/v7-m/nofp/crtbegin.o
                0x00000000200002cc                . = ALIGN (0x4)

.bss            0x00000000200002cc      0x8bc load address 0x0000000008008a00
                0x00000000200002cc                _sbss = .
                0x00000000200002cc                __bss_start__ = _sbss
 *(.bss)
 .bss           0x00000000200002cc       0x1c c:/st/stm32cubeide_1.6.1/stm32cubeide/plugins/com.st.stm32cube.ide.mcu.externaltools.gnu-tools-for-stm32.9-2020-q2-update.win32_1.5.0.202011040924/tools/bin/../lib/gcc/arm-none-eabi/9.3.1/thumb/v7-m/nofp/crtbegin.o
 *(.bss*)
 .bss.cfgidx.8232
                0x00000000200002e8        0x1 Middlewares/USB_Device_Library/usbd_ctlreq.o
 *fill*         0x00000000200002e9        0x3 
 .bss.mem.8274  0x00000000200002ec       0x14 USB_DEVICE/Target/usbd_conf.o
 *(COMMON)
 COMMON         0x0000000020000300       0xd4 Core/Src/main.o
                0x0000000020000300                hdma_tim2_ch1
                0x0000000020000344                htim3
                0x000000002000038c                htim2
 COMMON         0x00000000200003d4        0x4 Drivers/STM32F1xx_HAL_Driver/stm32f1xx_hal.o
                0x00000000200003d4                uwTick
 COMMON         0x00000000200003d8      0x2c4 USB_DEVICE/App/usb_device.o
                0x00000000200003d8                hUsbDeviceFS
 COMMON         0x000000002000069c      0x200 USB_DEVICE/App/usbd_desc.o
                0x000000002000069c                USBD_StrDesc
 COMMON         0x000000002000089c      0x2ec USB_DEVICE/Target/usbd_conf.o
                0x000000002000089c                hpcd_USB_FS
                0x0000000020000b88                . = ALIGN (0x4)
                0x0000000020000b88                _ebss = .
                0x0000000020000b88                __bss_end__ = _ebss

._user_heap_stack
                0x0000000020000b88      0x600 load address 0x0000000008008a00
                0x0000000020000b88                . = ALIGN (0x8)
                [!provide]                        PROVIDE (end = .)
                0x0000000020000b88                PROVIDE (_end = .)
                0x0000000020000d88                . = (. + _Min_Heap_Size)
 *fill*         0x0000000020000b88      0x200 
                0x0000000020001188                . = (. + _Min_Stack_Size)
 *fill*         0x0000000020000d88      0x400 
                0x0000000020001188                . = ALIGN (0x8)

/DISCARD/
 libc.a(*)
 libm.a(*)
 libgcc.a(*)

.ARM.attributes
                0x0000000000000000       0x29
 *(.ARM.attributes)
 .ARM.attributes
                0x0000000000000000       0x1d c:/st/stm32cubeide_1.6.1/stm32cubeide/plugins/com.st.stm32cube.ide.mcu.externaltools.gnu-tools-for-stm32.9-2020-q2-update.win32_1.5.0.202011040924/tools/bin/../lib/gcc/arm-none-eabi/9.3.1/thumb/v7-m/nofp/crti.o
 .ARM.attributes
                0x000000000000001d       0x2d c:/st/stm32cubeide_1.6.1/stm32cubeide/plugins/com.st.stm32cube.ide.mcu.externaltools.gnu-tools-for-stm32.9-2020-q2-update.win32_1.5.0.202011040924/tools/bin/../lib/gcc/arm-none-eabi/9.3.1/thumb/v7-m/nofp/crtbegin.o
 .ARM.attributes
                0x000000000000004a       0x2d Core/Src/main.o
 .ARM.attributes
                0x0000000000000077       0x2d Core/Src/stm32f1xx_hal_msp.o
 .ARM.attributes
                0x00000000000000a4       0x2d Core/Src/stm32f1xx_it.o
 .ARM.attributes
                0x00000000000000d1       0x2d Core/Src/system_stm32f1xx.o
 .ARM.attributes
                0x00000000000000fe       0x21 Core/Startup/startup_stm32f103c8tx.o
 .ARM.attributes
                0x000000000000011f       0x2d Drivers/STM32F1xx_HAL_Driver/stm32f1xx_hal.o
 .ARM.attributes
                0x000000000000014c       0x2d Drivers/STM32F1xx_HAL_Driver/stm32f1xx_hal_cortex.o
 .ARM.attributes
                0x0000000000000179       0x2d Drivers/STM32F1xx_HAL_Driver/stm32f1xx_hal_dma.o
 .ARM.attributes
                0x00000000000001a6       0x2d Drivers/STM32F1xx_HAL_Driver/stm32f1xx_hal_gpio.o
 .ARM.attributes
                0x00000000000001d3       0x2d Drivers/STM32F1xx_HAL_Driver/stm32f1xx_hal_pcd.o
 .ARM.attributes
                0x0000000000000200       0x2d Drivers/STM32F1xx_HAL_Driver/stm32f1xx_hal_pcd_ex.o
 .ARM.attributes
                0x000000000000022d       0x2d Drivers/STM32F1xx_HAL_Driver/stm32f1xx_hal_rcc.o
 .ARM.attributes
                0x000000000000025a       0x2d Drivers/STM32F1xx_HAL_Driver/stm32f1xx_hal_rcc_ex.o
 .ARM.attributes
                0x0000000000000287       0x2d Drivers/STM32F1xx_HAL_Driver/stm32f1xx_hal_tim.o
 .ARM.attributes
                0x00000000000002b4       0x2d Drivers/STM32F1xx_HAL_Driver/stm32f1xx_hal_tim_ex.o
 .ARM.attributes
                0x00000000000002e1       0x2d Drivers/STM32F1xx_HAL_Driver/stm32f1xx_ll_usb.o
 .ARM.attributes
                0x000000000000030e       0x2d Middlewares/USB_Device_Library/usbd_core.o
 .ARM.attributes
                0x000000000000033b       0x2d Middlewares/USB_Device_Library/usbd_ctlreq.o
 .ARM.attributes
                0x0000000000000368       0x2d Middlewares/USB_Device_Library/usbd_hid.o
 .ARM.attributes
                0x0000000000000395       0x2d Middlewares/USB_Device_Library/usbd_ioreq.o
 .ARM.attributes
                0x00000000000003c2       0x2d USB_DEVICE/App/usb_device.o
 .ARM.attributes
                0x00000000000003ef       0x2d USB_DEVICE/App/usbd_desc.o
 .ARM.attributes
                0x000000000000041c       0x2d USB_DEVICE/Target/usbd_conf.o
 .ARM.attributes
                0x0000000000000449       0x2d c:/st/stm32cubeide_1.6.1/stm32cubeide/plugins/com.st.stm32cube.ide.mcu.externaltools.gnu-tools-for-stm32.9-2020-q2-update.win32_1.5.0.202011040924/tools/bin/../lib/gcc/arm-none-eabi/9.3.1/../../../../arm-none-eabi/lib/thumb/v7-m/nofp\libc_nano.a(lib_a-init.o)
 .ARM.attributes
                0x0000000000000476       0x2d c:/st/stm32cubeide_1.6.1/stm32cubeide/plugins/com.st.stm32cube.ide.mcu.externaltools.gnu-tools-for-stm32.9-2020-q2-update.win32_1.5.0.202011040924/tools/bin/../lib/gcc/arm-none-eabi/9.3.1/../../../../arm-none-eabi/lib/thumb/v7-m/nofp\libc_nano.a(lib_a-memset.o)
 .ARM.attributes
                0x00000000000004a3       0x1d c:/st/stm32cubeide_1.6.1/stm32cubeide/plugins/com.st.stm32cube.ide.mcu.externaltools.gnu-tools-for-stm32.9-2020-q2-update.win32_1.5.0.202011040924/tools/bin/../lib/gcc/arm-none-eabi/9.3.1/thumb/v7-m/nofp/crtn.o
OUTPUT(Inverter.elf elf32-littlearm)
LOAD linker stubs
LOAD c:/st/stm32cubeide_1.6.1/stm32cubeide/plugins/com.st.stm32cube.ide.mcu.externaltools.gnu-tools-for-stm32.9-2020-q2-update.win32_1.5.0.202011040924/tools/bin/../lib/gcc/arm-none-eabi/9.3.1/../../../../arm-none-eabi/lib/thumb/v7-m/nofp\libc.a
LOAD c:/st/stm32cubeide_1.6.1/stm32cubeide/plugins/com.st.stm32cube.ide.mcu.externaltools.gnu-tools-for-stm32.9-2020-q2-update.win32_1.5.0.202011040924/tools/bin/../lib/gcc/arm-none-eabi/9.3.1/../../../../arm-none-eabi/lib/thumb/v7-m/nofp\libm.a
LOAD c:/st/stm32cubeide_1.6.1/stm32cubeide/plugins/com.st.stm32cube.ide.mcu.externaltools.gnu-tools-for-stm32.9-2020-q2-update.win32_1.5.0.202011040924/tools/bin/../lib/gcc/arm-none-eabi/9.3.1/thumb/v7-m/nofp\libgcc.a

.debug_info     0x0000000000000000    0x15b58
 .debug_info    0x0000000000000000     0x16c6 Core/Src/main.o
 .debug_info    0x00000000000016c6      0xbb9 Core/Src/stm32f1xx_hal_msp.o
 .debug_info    0x000000000000227f      0xcad Core/Src/stm32f1xx_it.o
 .debug_info    0x0000000000002f2c      0x2be Core/Src/system_stm32f1xx.o
 .debug_info    0x00000000000031ea       0x22 Core/Startup/startup_stm32f103c8tx.o
 .debug_info    0x000000000000320c      0x76a Drivers/STM32F1xx_HAL_Driver/stm32f1xx_hal.o
 .debug_info    0x0000000000003976      0xbdc Drivers/STM32F1xx_HAL_Driver/stm32f1xx_hal_cortex.o
 .debug_info    0x0000000000004552      0x81e Drivers/STM32F1xx_HAL_Driver/stm32f1xx_hal_dma.o
 .debug_info    0x0000000000004d70      0x701 Drivers/STM32F1xx_HAL_Driver/stm32f1xx_hal_gpio.o
 .debug_info    0x0000000000005471     0x1509 Drivers/STM32F1xx_HAL_Driver/stm32f1xx_hal_pcd.o
 .debug_info    0x000000000000697a      0x7fc Drivers/STM32F1xx_HAL_Driver/stm32f1xx_hal_pcd_ex.o
 .debug_info    0x0000000000007176      0x88e Drivers/STM32F1xx_HAL_Driver/stm32f1xx_hal_rcc.o
 .debug_info    0x0000000000007a04      0x480 Drivers/STM32F1xx_HAL_Driver/stm32f1xx_hal_rcc_ex.o
 .debug_info    0x0000000000007e84     0x2a45 Drivers/STM32F1xx_HAL_Driver/stm32f1xx_hal_tim.o
 .debug_info    0x000000000000a8c9     0x14d5 Drivers/STM32F1xx_HAL_Driver/stm32f1xx_hal_tim_ex.o
 .debug_info    0x000000000000bd9e     0x19e6 Drivers/STM32F1xx_HAL_Driver/stm32f1xx_ll_usb.o
 .debug_info    0x000000000000d784     0x12ef Middlewares/USB_Device_Library/usbd_core.o
 .debug_info    0x000000000000ea73     0x125c Middlewares/USB_Device_Library/usbd_ctlreq.o
 .debug_info    0x000000000000fccf     0x124f Middlewares/USB_Device_Library/usbd_hid.o
 .debug_info    0x0000000000010f1e     0x102e Middlewares/USB_Device_Library/usbd_ioreq.o
 .debug_info    0x0000000000011f4c      0xeaf USB_DEVICE/App/usb_device.o
 .debug_info    0x0000000000012dfb      0xde8 USB_DEVICE/App/usbd_desc.o
 .debug_info    0x0000000000013be3     0x1f75 USB_DEVICE/Target/usbd_conf.o

.debug_abbrev   0x0000000000000000     0x31e3
 .debug_abbrev  0x0000000000000000      0x2b9 Core/Src/main.o
 .debug_abbrev  0x00000000000002b9      0x1c8 Core/Src/stm32f1xx_hal_msp.o
 .debug_abbrev  0x0000000000000481      0x1db Core/Src/stm32f1xx_it.o
 .debug_abbrev  0x000000000000065c      0x14e Core/Src/system_stm32f1xx.o
 .debug_abbrev  0x00000000000007aa       0x12 Core/Startup/startup_stm32f103c8tx.o
 .debug_abbrev  0x00000000000007bc      0x1ed Drivers/STM32F1xx_HAL_Driver/stm32f1xx_hal.o
 .debug_abbrev  0x00000000000009a9      0x313 Drivers/STM32F1xx_HAL_Driver/stm32f1xx_hal_cortex.o
 .debug_abbrev  0x0000000000000cbc      0x228 Drivers/STM32F1xx_HAL_Driver/stm32f1xx_hal_dma.o
 .debug_abbrev  0x0000000000000ee4      0x1e8 Drivers/STM32F1xx_HAL_Driver/stm32f1xx_hal_gpio.o
 .debug_abbrev  0x00000000000010cc      0x29e Drivers/STM32F1xx_HAL_Driver/stm32f1xx_hal_pcd.o
 .debug_abbrev  0x000000000000136a      0x1ac Drivers/STM32F1xx_HAL_Driver/stm32f1xx_hal_pcd_ex.o
 .debug_abbrev  0x0000000000001516      0x273 Drivers/STM32F1xx_HAL_Driver/stm32f1xx_hal_rcc.o
 .debug_abbrev  0x0000000000001789      0x193 Drivers/STM32F1xx_HAL_Driver/stm32f1xx_hal_rcc_ex.o
 .debug_abbrev  0x000000000000191c      0x25e Drivers/STM32F1xx_HAL_Driver/stm32f1xx_hal_tim.o
 .debug_abbrev  0x0000000000001b7a      0x266 Drivers/STM32F1xx_HAL_Driver/stm32f1xx_hal_tim_ex.o
 .debug_abbrev  0x0000000000001de0      0x1fa Drivers/STM32F1xx_HAL_Driver/stm32f1xx_ll_usb.o
 .debug_abbrev  0x0000000000001fda      0x2a8 Middlewares/USB_Device_Library/usbd_core.o
 .debug_abbrev  0x0000000000002282      0x2de Middlewares/USB_Device_Library/usbd_ctlreq.o
 .debug_abbrev  0x0000000000002560      0x2b7 Middlewares/USB_Device_Library/usbd_hid.o
 .debug_abbrev  0x0000000000002817      0x20a Middlewares/USB_Device_Library/usbd_ioreq.o
 .debug_abbrev  0x0000000000002a21      0x1db USB_DEVICE/App/usb_device.o
 .debug_abbrev  0x0000000000002bfc      0x2ca USB_DEVICE/App/usbd_desc.o
 .debug_abbrev  0x0000000000002ec6      0x31d USB_DEVICE/Target/usbd_conf.o

.debug_aranges  0x0000000000000000      0xff8
 .debug_aranges
                0x0000000000000000       0x58 Core/Src/main.o
 .debug_aranges
                0x0000000000000058       0x38 Core/Src/stm32f1xx_hal_msp.o
 .debug_aranges
                0x0000000000000090       0x78 Core/Src/stm32f1xx_it.o
 .debug_aranges
                0x0000000000000108       0x28 Core/Src/system_stm32f1xx.o
 .debug_aranges
                0x0000000000000130       0x28 Core/Startup/startup_stm32f103c8tx.o
 .debug_aranges
                0x0000000000000158       0xe0 Drivers/STM32F1xx_HAL_Driver/stm32f1xx_hal.o
 .debug_aranges
                0x0000000000000238      0x100 Drivers/STM32F1xx_HAL_Driver/stm32f1xx_hal_cortex.o
 .debug_aranges
                0x0000000000000338       0x80 Drivers/STM32F1xx_HAL_Driver/stm32f1xx_hal_dma.o
 .debug_aranges
                0x00000000000003b8       0x58 Drivers/STM32F1xx_HAL_Driver/stm32f1xx_hal_gpio.o
 .debug_aranges
                0x0000000000000410      0x138 Drivers/STM32F1xx_HAL_Driver/stm32f1xx_hal_pcd.o
 .debug_aranges
                0x0000000000000548       0x38 Drivers/STM32F1xx_HAL_Driver/stm32f1xx_hal_pcd_ex.o
 .debug_aranges
                0x0000000000000580       0x90 Drivers/STM32F1xx_HAL_Driver/stm32f1xx_hal_rcc.o
 .debug_aranges
                0x0000000000000610       0x30 Drivers/STM32F1xx_HAL_Driver/stm32f1xx_hal_rcc_ex.o
 .debug_aranges
                0x0000000000000640      0x3d0 Drivers/STM32F1xx_HAL_Driver/stm32f1xx_hal_tim.o
 .debug_aranges
                0x0000000000000a10      0x168 Drivers/STM32F1xx_HAL_Driver/stm32f1xx_hal_tim_ex.o
 .debug_aranges
                0x0000000000000b78       0xf0 Drivers/STM32F1xx_HAL_Driver/stm32f1xx_ll_usb.o
 .debug_aranges
                0x0000000000000c68       0xb8 Middlewares/USB_Device_Library/usbd_core.o
 .debug_aranges
                0x0000000000000d20       0x88 Middlewares/USB_Device_Library/usbd_ctlreq.o
 .debug_aranges
                0x0000000000000da8       0x68 Middlewares/USB_Device_Library/usbd_hid.o
 .debug_aranges
                0x0000000000000e10       0x50 Middlewares/USB_Device_Library/usbd_ioreq.o
 .debug_aranges
                0x0000000000000e60       0x20 USB_DEVICE/App/usb_device.o
 .debug_aranges
                0x0000000000000e80       0x60 USB_DEVICE/App/usbd_desc.o
 .debug_aranges
                0x0000000000000ee0      0x118 USB_DEVICE/Target/usbd_conf.o

.debug_ranges   0x0000000000000000      0xe90
 .debug_ranges  0x0000000000000000       0x48 Core/Src/main.o
 .debug_ranges  0x0000000000000048       0x28 Core/Src/stm32f1xx_hal_msp.o
 .debug_ranges  0x0000000000000070       0x68 Core/Src/stm32f1xx_it.o
 .debug_ranges  0x00000000000000d8       0x18 Core/Src/system_stm32f1xx.o
 .debug_ranges  0x00000000000000f0       0x20 Core/Startup/startup_stm32f103c8tx.o
 .debug_ranges  0x0000000000000110       0xd0 Drivers/STM32F1xx_HAL_Driver/stm32f1xx_hal.o
 .debug_ranges  0x00000000000001e0       0xf0 Drivers/STM32F1xx_HAL_Driver/stm32f1xx_hal_cortex.o
 .debug_ranges  0x00000000000002d0       0x70 Drivers/STM32F1xx_HAL_Driver/stm32f1xx_hal_dma.o
 .debug_ranges  0x0000000000000340       0x48 Drivers/STM32F1xx_HAL_Driver/stm32f1xx_hal_gpio.o
 .debug_ranges  0x0000000000000388      0x128 Drivers/STM32F1xx_HAL_Driver/stm32f1xx_hal_pcd.o
 .debug_ranges  0x00000000000004b0       0x28 Drivers/STM32F1xx_HAL_Driver/stm32f1xx_hal_pcd_ex.o
 .debug_ranges  0x00000000000004d8       0x80 Drivers/STM32F1xx_HAL_Driver/stm32f1xx_hal_rcc.o
 .debug_ranges  0x0000000000000558       0x20 Drivers/STM32F1xx_HAL_Driver/stm32f1xx_hal_rcc_ex.o
 .debug_ranges  0x0000000000000578      0x3c0 Drivers/STM32F1xx_HAL_Driver/stm32f1xx_hal_tim.o
 .debug_ranges  0x0000000000000938      0x158 Drivers/STM32F1xx_HAL_Driver/stm32f1xx_hal_tim_ex.o
 .debug_ranges  0x0000000000000a90       0xe0 Drivers/STM32F1xx_HAL_Driver/stm32f1xx_ll_usb.o
 .debug_ranges  0x0000000000000b70       0xa8 Middlewares/USB_Device_Library/usbd_core.o
 .debug_ranges  0x0000000000000c18       0x78 Middlewares/USB_Device_Library/usbd_ctlreq.o
 .debug_ranges  0x0000000000000c90       0x58 Middlewares/USB_Device_Library/usbd_hid.o
 .debug_ranges  0x0000000000000ce8       0x40 Middlewares/USB_Device_Library/usbd_ioreq.o
 .debug_ranges  0x0000000000000d28       0x10 USB_DEVICE/App/usb_device.o
 .debug_ranges  0x0000000000000d38       0x50 USB_DEVICE/App/usbd_desc.o
 .debug_ranges  0x0000000000000d88      0x108 USB_DEVICE/Target/usbd_conf.o

.debug_macro    0x0000000000000000    0x1a246
 .debug_macro   0x0000000000000000      0x3bd Core/Src/main.o
 .debug_macro   0x00000000000003bd      0xa9c Core/Src/main.o
 .debug_macro   0x0000000000000e59      0x221 Core/Src/main.o
 .debug_macro   0x000000000000107a       0x2e Core/Src/main.o
 .debug_macro   0x00000000000010a8       0x22 Core/Src/main.o
 .debug_macro   0x00000000000010ca       0x22 Core/Src/main.o
 .debug_macro   0x00000000000010ec       0x8e Core/Src/main.o
 .debug_macro   0x000000000000117a       0x51 Core/Src/main.o
 .debug_macro   0x00000000000011cb      0x103 Core/Src/main.o
 .debug_macro   0x00000000000012ce       0x6a Core/Src/main.o
 .debug_macro   0x0000000000001338      0x1df Core/Src/main.o
 .debug_macro   0x0000000000001517       0x1c Core/Src/main.o
 .debug_macro   0x0000000000001533       0x22 Core/Src/main.o
 .debug_macro   0x0000000000001555       0xc3 Core/Src/main.o
 .debug_macro   0x0000000000001618      0xd23 Core/Src/main.o
 .debug_macro   0x000000000000233b     0xe09e Core/Src/main.o
 .debug_macro   0x00000000000103d9       0x6d Core/Src/main.o
 .debug_macro   0x0000000000010446     0x3468 Core/Src/main.o
 .debug_macro   0x00000000000138ae      0x174 Core/Src/main.o
 .debug_macro   0x0000000000013a22       0x5c Core/Src/main.o
 .debug_macro   0x0000000000013a7e      0x5be Core/Src/main.o
 .debug_macro   0x000000000001403c      0x289 Core/Src/main.o
 .debug_macro   0x00000000000142c5      0x1cb Core/Src/main.o
 .debug_macro   0x0000000000014490      0x114 Core/Src/main.o
 .debug_macro   0x00000000000145a4      0x1b2 Core/Src/main.o
 .debug_macro   0x0000000000014756       0x27 Core/Src/main.o
 .debug_macro   0x000000000001477d      0x136 Core/Src/main.o
 .debug_macro   0x00000000000148b3      0x1bc Core/Src/main.o
 .debug_macro   0x0000000000014a6f       0x34 Core/Src/main.o
 .debug_macro   0x0000000000014aa3       0x3c Core/Src/main.o
 .debug_macro   0x0000000000014adf       0x57 Core/Src/main.o
 .debug_macro   0x0000000000014b36       0x88 Core/Src/main.o
 .debug_macro   0x0000000000014bbe      0x241 Core/Src/main.o
 .debug_macro   0x0000000000014dff      0x141 Core/Src/main.o
 .debug_macro   0x0000000000014f40      0x8d1 Core/Src/main.o
 .debug_macro   0x0000000000015811       0x65 Core/Src/main.o
 .debug_macro   0x0000000000015876      0x249 Core/Src/main.o
 .debug_macro   0x0000000000015abf       0x83 Core/Src/main.o
 .debug_macro   0x0000000000015b42       0x28 Core/Src/main.o
 .debug_macro   0x0000000000015b6a       0x52 Core/Src/main.o
 .debug_macro   0x0000000000015bbc       0x18 Core/Src/main.o
 .debug_macro   0x0000000000015bd4       0x3c Core/Src/main.o
 .debug_macro   0x0000000000015c10       0x34 Core/Src/main.o
 .debug_macro   0x0000000000015c44       0x16 Core/Src/main.o
 .debug_macro   0x0000000000015c5a       0x35 Core/Src/main.o
 .debug_macro   0x0000000000015c8f      0x333 Core/Src/main.o
 .debug_macro   0x0000000000015fc2       0x10 Core/Src/main.o
 .debug_macro   0x0000000000015fd2       0x16 Core/Src/main.o
 .debug_macro   0x0000000000015fe8       0x43 Core/Src/main.o
 .debug_macro   0x000000000001602b       0x34 Core/Src/main.o
 .debug_macro   0x000000000001605f       0x10 Core/Src/main.o
 .debug_macro   0x000000000001606f       0x58 Core/Src/main.o
 .debug_macro   0x00000000000160c7       0x71 Core/Src/main.o
 .debug_macro   0x0000000000016138       0x1c Core/Src/main.o
 .debug_macro   0x0000000000016154      0x12a Core/Src/main.o
 .debug_macro   0x000000000001627e       0x10 Core/Src/main.o
 .debug_macro   0x000000000001628e       0x1c Core/Src/main.o
 .debug_macro   0x00000000000162aa       0x52 Core/Src/main.o
 .debug_macro   0x00000000000162fc       0x22 Core/Src/main.o
 .debug_macro   0x000000000001631e       0x10 Core/Src/main.o
 .debug_macro   0x000000000001632e       0x40 Core/Src/main.o
 .debug_macro   0x000000000001636e       0xd5 Core/Src/main.o
 .debug_macro   0x0000000000016443       0x1c Core/Src/main.o
 .debug_macro   0x000000000001645f       0x3d Core/Src/main.o
 .debug_macro   0x000000000001649c       0x16 Core/Src/main.o
 .debug_macro   0x00000000000164b2      0x145 Core/Src/main.o
 .debug_macro   0x00000000000165f7       0x16 Core/Src/main.o
 .debug_macro   0x000000000001660d       0x16 Core/Src/main.o
 .debug_macro   0x0000000000016623       0x29 Core/Src/main.o
 .debug_macro   0x000000000001664c       0x16 Core/Src/main.o
 .debug_macro   0x0000000000016662       0x20 Core/Src/main.o
 .debug_macro   0x0000000000016682       0x5f Core/Src/main.o
 .debug_macro   0x00000000000166e1      0x1c8 Core/Src/main.o
 .debug_macro   0x00000000000168a9      0x1cc Core/Src/stm32f1xx_hal_msp.o
 .debug_macro   0x0000000000016a75      0x1d6 Core/Src/stm32f1xx_it.o
 .debug_macro   0x0000000000016c4b      0x1bd Core/Src/system_stm32f1xx.o
 .debug_macro   0x0000000000016e08      0x1e1 Drivers/STM32F1xx_HAL_Driver/stm32f1xx_hal.o
 .debug_macro   0x0000000000016fe9      0x1bd Drivers/STM32F1xx_HAL_Driver/stm32f1xx_hal_cortex.o
 .debug_macro   0x00000000000171a6      0x1bd Drivers/STM32F1xx_HAL_Driver/stm32f1xx_hal_dma.o
 .debug_macro   0x0000000000017363      0x228 Drivers/STM32F1xx_HAL_Driver/stm32f1xx_hal_gpio.o
 .debug_macro   0x000000000001758b      0x1c9 Drivers/STM32F1xx_HAL_Driver/stm32f1xx_hal_pcd.o
 .debug_macro   0x0000000000017754      0x1bd Drivers/STM32F1xx_HAL_Driver/stm32f1xx_hal_pcd_ex.o
 .debug_macro   0x0000000000017911      0x1cf Drivers/STM32F1xx_HAL_Driver/stm32f1xx_hal_rcc.o
 .debug_macro   0x0000000000017ae0      0x1bd Drivers/STM32F1xx_HAL_Driver/stm32f1xx_hal_rcc_ex.o
 .debug_macro   0x0000000000017c9d      0x1be Drivers/STM32F1xx_HAL_Driver/stm32f1xx_hal_tim.o
 .debug_macro   0x0000000000017e5b      0x1bd Drivers/STM32F1xx_HAL_Driver/stm32f1xx_hal_tim_ex.o
 .debug_macro   0x0000000000018018      0x1bd Drivers/STM32F1xx_HAL_Driver/stm32f1xx_ll_usb.o
 .debug_macro   0x00000000000181d5      0x3c9 Middlewares/USB_Device_Library/usbd_core.o
 .debug_macro   0x000000000001859e       0x97 Middlewares/USB_Device_Library/usbd_core.o
 .debug_macro   0x0000000000018635       0xfd Middlewares/USB_Device_Library/usbd_core.o
 .debug_macro   0x0000000000018732       0xbd Middlewares/USB_Device_Library/usbd_core.o
 .debug_macro   0x00000000000187ef       0x56 Middlewares/USB_Device_Library/usbd_core.o
 .debug_macro   0x0000000000018845      0x1ce Middlewares/USB_Device_Library/usbd_core.o
 .debug_macro   0x0000000000018a13      0x3d3 Middlewares/USB_Device_Library/usbd_ctlreq.o
 .debug_macro   0x0000000000018de6      0x3e2 Middlewares/USB_Device_Library/usbd_hid.o
 .debug_macro   0x00000000000191c8       0x5e Middlewares/USB_Device_Library/usbd_hid.o
 .debug_macro   0x0000000000019226      0x3cf Middlewares/USB_Device_Library/usbd_ioreq.o
 .debug_macro   0x00000000000195f5      0x3f9 USB_DEVICE/App/usb_device.o
 .debug_macro   0x00000000000199ee       0x2e USB_DEVICE/App/usb_device.o
 .debug_macro   0x0000000000019a1c       0x22 USB_DEVICE/App/usb_device.o
 .debug_macro   0x0000000000019a3e      0x406 USB_DEVICE/App/usbd_desc.o
 .debug_macro   0x0000000000019e44       0x1c USB_DEVICE/App/usbd_desc.o
 .debug_macro   0x0000000000019e60      0x3e6 USB_DEVICE/Target/usbd_conf.o

.debug_line     0x0000000000000000    0x14989
 .debug_line    0x0000000000000000      0xc3b Core/Src/main.o
 .debug_line    0x0000000000000c3b      0x84e Core/Src/stm32f1xx_hal_msp.o
 .debug_line    0x0000000000001489      0x893 Core/Src/stm32f1xx_it.o
 .debug_line    0x0000000000001d1c      0x806 Core/Src/system_stm32f1xx.o
 .debug_line    0x0000000000002522       0x87 Core/Startup/startup_stm32f103c8tx.o
 .debug_line    0x00000000000025a9      0xa6a Drivers/STM32F1xx_HAL_Driver/stm32f1xx_hal.o
 .debug_line    0x0000000000003013      0xc52 Drivers/STM32F1xx_HAL_Driver/stm32f1xx_hal_cortex.o
 .debug_line    0x0000000000003c65      0xec2 Drivers/STM32F1xx_HAL_Driver/stm32f1xx_hal_dma.o
 .debug_line    0x0000000000004b27      0xb01 Drivers/STM32F1xx_HAL_Driver/stm32f1xx_hal_gpio.o
 .debug_line    0x0000000000005628     0x1458 Drivers/STM32F1xx_HAL_Driver/stm32f1xx_hal_pcd.o
 .debug_line    0x0000000000006a80      0x838 Drivers/STM32F1xx_HAL_Driver/stm32f1xx_hal_pcd_ex.o
 .debug_line    0x00000000000072b8      0xe78 Drivers/STM32F1xx_HAL_Driver/stm32f1xx_hal_rcc.o
 .debug_line    0x0000000000008130      0x9b6 Drivers/STM32F1xx_HAL_Driver/stm32f1xx_hal_rcc_ex.o
 .debug_line    0x0000000000008ae6     0x3413 Drivers/STM32F1xx_HAL_Driver/stm32f1xx_hal_tim.o
 .debug_line    0x000000000000bef9     0x1992 Drivers/STM32F1xx_HAL_Driver/stm32f1xx_hal_tim_ex.o
 .debug_line    0x000000000000d88b     0x1172 Drivers/STM32F1xx_HAL_Driver/stm32f1xx_ll_usb.o
 .debug_line    0x000000000000e9fd      0xf03 Middlewares/USB_Device_Library/usbd_core.o
 .debug_line    0x000000000000f900     0x1122 Middlewares/USB_Device_Library/usbd_ctlreq.o
 .debug_line    0x0000000000010a22      0xd73 Middlewares/USB_Device_Library/usbd_hid.o
 .debug_line    0x0000000000011795      0xb99 Middlewares/USB_Device_Library/usbd_ioreq.o
 .debug_line    0x000000000001232e      0xb3e USB_DEVICE/App/usb_device.o
 .debug_line    0x0000000000012e6c      0xbeb USB_DEVICE/App/usbd_desc.o
 .debug_line    0x0000000000013a57      0xf32 USB_DEVICE/Target/usbd_conf.o

.debug_str      0x0000000000000000    0x8d3f8
 .debug_str     0x0000000000000000    0x89361 Core/Src/main.o
                                      0x8988b (size before relaxing)
 .debug_str     0x0000000000089361       0xa6 Core/Src/stm32f1xx_hal_msp.o
                                      0x84a79 (size before relaxing)
 .debug_str     0x0000000000089407      0x3d7 Core/Src/stm32f1xx_it.o
                                      0x84a6e (size before relaxing)
 .debug_str     0x00000000000897de       0x52 Core/Src/system_stm32f1xx.o
                                      0x8417b (size before relaxing)
 .debug_str     0x0000000000089830       0x36 Core/Startup/startup_stm32f103c8tx.o
                                         0x48 (size before relaxing)
 .debug_str     0x0000000000089866      0x331 Drivers/STM32F1xx_HAL_Driver/stm32f1xx_hal.o
                                      0x84843 (size before relaxing)
 .debug_str     0x0000000000089b97      0x30f Drivers/STM32F1xx_HAL_Driver/stm32f1xx_hal_cortex.o
                                      0x8484b (size before relaxing)
 .debug_str     0x0000000000089ea6      0x274 Drivers/STM32F1xx_HAL_Driver/stm32f1xx_hal_dma.o
                                      0x8458d (size before relaxing)
 .debug_str     0x000000000008a11a      0x356 Drivers/STM32F1xx_HAL_Driver/stm32f1xx_hal_gpio.o
                                      0x84576 (size before relaxing)
 .debug_str     0x000000000008a470      0x41c Drivers/STM32F1xx_HAL_Driver/stm32f1xx_hal_pcd.o
                                      0x84905 (size before relaxing)
 .debug_str     0x000000000008a88c      0x1c4 Drivers/STM32F1xx_HAL_Driver/stm32f1xx_hal_pcd_ex.o
                                      0x84652 (size before relaxing)
 .debug_str     0x000000000008aa50      0x286 Drivers/STM32F1xx_HAL_Driver/stm32f1xx_hal_rcc.o
                                      0x845af (size before relaxing)
 .debug_str     0x000000000008acd6       0xf0 Drivers/STM32F1xx_HAL_Driver/stm32f1xx_hal_rcc_ex.o
                                      0x8433c (size before relaxing)
 .debug_str     0x000000000008adc6      0xe04 Drivers/STM32F1xx_HAL_Driver/stm32f1xx_hal_tim.o
                                      0x85581 (size before relaxing)
 .debug_str     0x000000000008bbca      0x525 Drivers/STM32F1xx_HAL_Driver/stm32f1xx_hal_tim_ex.o
                                      0x84d32 (size before relaxing)
 .debug_str     0x000000000008c0ef      0x2de Drivers/STM32F1xx_HAL_Driver/stm32f1xx_ll_usb.o
                                      0x84685 (size before relaxing)
 .debug_str     0x000000000008c3cd      0x58e Middlewares/USB_Device_Library/usbd_core.o
                                      0x8933c (size before relaxing)
 .debug_str     0x000000000008c95b      0x16b Middlewares/USB_Device_Library/usbd_ctlreq.o
                                      0x892c2 (size before relaxing)
 .debug_str     0x000000000008cac6      0x3c4 Middlewares/USB_Device_Library/usbd_hid.o
                                      0x89533 (size before relaxing)
 .debug_str     0x000000000008ce8a      0x100 Middlewares/USB_Device_Library/usbd_ioreq.o
                                      0x8924a (size before relaxing)
 .debug_str     0x000000000008cf8a       0xc2 USB_DEVICE/App/usb_device.o
                                      0x8937f (size before relaxing)
 .debug_str     0x000000000008d04c      0x258 USB_DEVICE/App/usbd_desc.o
                                      0x8917e (size before relaxing)
 .debug_str     0x000000000008d2a4      0x154 USB_DEVICE/Target/usbd_conf.o
                                      0x89ccd (size before relaxing)

.comment        0x0000000000000000       0x53
 .comment       0x0000000000000000       0x53 Core/Src/main.o
                                         0x54 (size before relaxing)
 .comment       0x0000000000000053       0x54 Core/Src/stm32f1xx_hal_msp.o
 .comment       0x0000000000000053       0x54 Core/Src/stm32f1xx_it.o
 .comment       0x0000000000000053       0x54 Core/Src/system_stm32f1xx.o
 .comment       0x0000000000000053       0x54 Drivers/STM32F1xx_HAL_Driver/stm32f1xx_hal.o
 .comment       0x0000000000000053       0x54 Drivers/STM32F1xx_HAL_Driver/stm32f1xx_hal_cortex.o
 .comment       0x0000000000000053       0x54 Drivers/STM32F1xx_HAL_Driver/stm32f1xx_hal_dma.o
 .comment       0x0000000000000053       0x54 Drivers/STM32F1xx_HAL_Driver/stm32f1xx_hal_gpio.o
 .comment       0x0000000000000053       0x54 Drivers/STM32F1xx_HAL_Driver/stm32f1xx_hal_pcd.o
 .comment       0x0000000000000053       0x54 Drivers/STM32F1xx_HAL_Driver/stm32f1xx_hal_pcd_ex.o
 .comment       0x0000000000000053       0x54 Drivers/STM32F1xx_HAL_Driver/stm32f1xx_hal_rcc.o
 .comment       0x0000000000000053       0x54 Drivers/STM32F1xx_HAL_Driver/stm32f1xx_hal_rcc_ex.o
 .comment       0x0000000000000053       0x54 Drivers/STM32F1xx_HAL_Driver/stm32f1xx_hal_tim.o
 .comment       0x0000000000000053       0x54 Drivers/STM32F1xx_HAL_Driver/stm32f1xx_hal_tim_ex.o
 .comment       0x0000000000000053       0x54 Drivers/STM32F1xx_HAL_Driver/stm32f1xx_ll_usb.o
 .comment       0x0000000000000053       0x54 Middlewares/USB_Device_Library/usbd_core.o
 .comment       0x0000000000000053       0x54 Middlewares/USB_Device_Library/usbd_ctlreq.o
 .comment       0x0000000000000053       0x54 Middlewares/USB_Device_Library/usbd_hid.o
 .comment       0x0000000000000053       0x54 Middlewares/USB_Device_Library/usbd_ioreq.o
 .comment       0x0000000000000053       0x54 USB_DEVICE/App/usb_device.o
 .comment       0x0000000000000053       0x54 USB_DEVICE/App/usbd_desc.o
 .comment       0x0000000000000053       0x54 USB_DEVICE/Target/usbd_conf.o

.debug_frame    0x0000000000000000     0x4150
 .debug_frame   0x0000000000000000      0x114 Core/Src/main.o
 .debug_frame   0x0000000000000114       0xa4 Core/Src/stm32f1xx_hal_msp.o
 .debug_frame   0x00000000000001b8      0x158 Core/Src/stm32f1xx_it.o
 .debug_frame   0x0000000000000310       0x58 Core/Src/system_stm32f1xx.o
 .debug_frame   0x0000000000000368      0x334 Drivers/STM32F1xx_HAL_Driver/stm32f1xx_hal.o
 .debug_frame   0x000000000000069c      0x428 Drivers/STM32F1xx_HAL_Driver/stm32f1xx_hal_cortex.o
 .debug_frame   0x0000000000000ac4      0x208 Drivers/STM32F1xx_HAL_Driver/stm32f1xx_hal_dma.o
 .debug_frame   0x0000000000000ccc      0x14c Drivers/STM32F1xx_HAL_Driver/stm32f1xx_hal_gpio.o
 .debug_frame   0x0000000000000e18      0x578 Drivers/STM32F1xx_HAL_Driver/stm32f1xx_hal_pcd.o
 .debug_frame   0x0000000000001390       0xb0 Drivers/STM32F1xx_HAL_Driver/stm32f1xx_hal_pcd_ex.o
 .debug_frame   0x0000000000001440      0x21c Drivers/STM32F1xx_HAL_Driver/stm32f1xx_hal_rcc.o
 .debug_frame   0x000000000000165c       0x84 Drivers/STM32F1xx_HAL_Driver/stm32f1xx_hal_rcc_ex.o
 .debug_frame   0x00000000000016e0     0x11b8 Drivers/STM32F1xx_HAL_Driver/stm32f1xx_hal_tim.o
 .debug_frame   0x0000000000002898      0x638 Drivers/STM32F1xx_HAL_Driver/stm32f1xx_hal_tim_ex.o
 .debug_frame   0x0000000000002ed0      0x450 Drivers/STM32F1xx_HAL_Driver/stm32f1xx_ll_usb.o
 .debug_frame   0x0000000000003320      0x300 Middlewares/USB_Device_Library/usbd_core.o
 .debug_frame   0x0000000000003620      0x218 Middlewares/USB_Device_Library/usbd_ctlreq.o
 .debug_frame   0x0000000000003838      0x190 Middlewares/USB_Device_Library/usbd_hid.o
 .debug_frame   0x00000000000039c8      0x10c Middlewares/USB_Device_Library/usbd_ioreq.o
 .debug_frame   0x0000000000003ad4       0x2c USB_DEVICE/App/usb_device.o
 .debug_frame   0x0000000000003b00      0x160 USB_DEVICE/App/usbd_desc.o
 .debug_frame   0x0000000000003c60      0x4a4 USB_DEVICE/Target/usbd_conf.o
 .debug_frame   0x0000000000004104       0x2c c:/st/stm32cubeide_1.6.1/stm32cubeide/plugins/com.st.stm32cube.ide.mcu.externaltools.gnu-tools-for-stm32.9-2020-q2-update.win32_1.5.0.202011040924/tools/bin/../lib/gcc/arm-none-eabi/9.3.1/../../../../arm-none-eabi/lib/thumb/v7-m/nofp\libc_nano.a(lib_a-init.o)
 .debug_frame   0x0000000000004130       0x20 c:/st/stm32cubeide_1.6.1/stm32cubeide/plugins/com.st.stm32cube.ide.mcu.externaltools.gnu-tools-for-stm32.9-2020-q2-update.win32_1.5.0.202011040924/tools/bin/../lib/gcc/arm-none-eabi/9.3.1/../../../../arm-none-eabi/lib/thumb/v7-m/nofp\libc_nano.a(lib_a-memset.o)
